Component: ARM Compiler 5.06 update 7 (build 960) Tool: armlink [4d3601]

==============================================================================

Section Cross References

    startup_stm32f407xx.o(STACK) refers (Special) to heapauxi.o(.text) for __use_two_region_memory
    startup_stm32f407xx.o(HEAP) refers (Special) to heapauxi.o(.text) for __use_two_region_memory
    startup_stm32f407xx.o(RESET) refers (Special) to heapauxi.o(.text) for __use_two_region_memory
    startup_stm32f407xx.o(RESET) refers to startup_stm32f407xx.o(STACK) for __initial_sp
    startup_stm32f407xx.o(RESET) refers to startup_stm32f407xx.o(.text) for Reset_Handler
    startup_stm32f407xx.o(RESET) refers to stm32f4xx_it.o(i.NMI_Handler) for NMI_Handler
    startup_stm32f407xx.o(RESET) refers to stm32f4xx_it.o(i.HardFault_Handler) for HardFault_Handler
    startup_stm32f407xx.o(RESET) refers to stm32f4xx_it.o(i.MemManage_Handler) for MemManage_Handler
    startup_stm32f407xx.o(RESET) refers to stm32f4xx_it.o(i.BusFault_Handler) for BusFault_Handler
    startup_stm32f407xx.o(RESET) refers to stm32f4xx_it.o(i.UsageFault_Handler) for UsageFault_Handler
    startup_stm32f407xx.o(RESET) refers to stm32f4xx_it.o(i.SVC_Handler) for SVC_Handler
    startup_stm32f407xx.o(RESET) refers to stm32f4xx_it.o(i.DebugMon_Handler) for DebugMon_Handler
    startup_stm32f407xx.o(RESET) refers to stm32f4xx_it.o(i.PendSV_Handler) for PendSV_Handler
    startup_stm32f407xx.o(RESET) refers to stm32f4xx_it.o(i.SysTick_Handler) for SysTick_Handler
    startup_stm32f407xx.o(RESET) refers to key.o(i.EXTI1_IRQHandler) for EXTI1_IRQHandler
    startup_stm32f407xx.o(RESET) refers to usart.o(i.USART1_IRQHandler) for USART1_IRQHandler
    startup_stm32f407xx.o(RESET) refers to usart.o(i.USART3_IRQHandler) for USART3_IRQHandler
    startup_stm32f407xx.o(.text) refers (Special) to heapauxi.o(.text) for __use_two_region_memory
    startup_stm32f407xx.o(.text) refers to system_stm32f4xx.o(i.SystemInit) for SystemInit
    startup_stm32f407xx.o(.text) refers to __main.o(!!!main) for __main
    startup_stm32f407xx.o(.text) refers to startup_stm32f407xx.o(HEAP) for Heap_Mem
    startup_stm32f407xx.o(.text) refers to startup_stm32f407xx.o(STACK) for Stack_Mem
    main.o(i.main) refers to stm32f4xx_hal.o(i.HAL_Init) for HAL_Init
    main.o(i.main) refers to sys.o(i.sys_stm32_clock_init) for sys_stm32_clock_init
    main.o(i.main) refers to delay.o(i.delay_init) for delay_init
    main.o(i.main) refers to usart.o(i.usart_init) for usart_init
    main.o(i.main) refers to usart.o(i.Usart4_Init) for Usart4_Init
    main.o(i.main) refers to led.o(i.led_init) for led_init
    main.o(i.main) refers to oled.o(i.GPIO_Init) for GPIO_Init
    main.o(i.main) refers to key.o(i.Encoder_Init) for Encoder_Init
    main.o(i.main) refers to key.o(i.key_init) for key_init
    main.o(i.main) refers to pca9685.o(i.PCA9685_Init) for PCA9685_Init
    main.o(i.main) refers to menu.o(i.menu1) for menu1
    stm32f4xx_it.o(i.SysTick_Handler) refers to stm32f4xx_hal.o(i.HAL_IncTick) for HAL_IncTick
    system_stm32f4xx.o(i.SystemCoreClockUpdate) refers to system_stm32f4xx.o(.data) for SystemCoreClock
    system_stm32f4xx.o(i.SystemCoreClockUpdate) refers to system_stm32f4xx.o(.constdata) for AHBPrescTable
    delay.o(i.HAL_Delay) refers to delay.o(i.delay_ms) for delay_ms
    delay.o(i.delay_init) refers to delay.o(.data) for g_fac_us
    delay.o(i.delay_ms) refers to delay.o(i.delay_us) for delay_us
    delay.o(i.delay_us) refers to delay.o(.data) for g_fac_us
    sys.o(i.sys_stm32_clock_init) refers to rt_memclr_w.o(.text) for __aeabi_memclr4
    sys.o(i.sys_stm32_clock_init) refers to stm32f4xx_hal_rcc.o(i.HAL_RCC_OscConfig) for HAL_RCC_OscConfig
    sys.o(i.sys_stm32_clock_init) refers to stm32f4xx_hal_rcc.o(i.HAL_RCC_ClockConfig) for HAL_RCC_ClockConfig
    sys.o(i.sys_stm32_clock_init) refers to stm32f4xx_hal.o(i.HAL_GetREVID) for HAL_GetREVID
    usart.o(.rev16_text) refers (Special) to use_no_semi_2.o(.text) for __use_no_semihosting
    usart.o(.revsh_text) refers (Special) to use_no_semi_2.o(.text) for __use_no_semihosting
    usart.o(.rrx_text) refers (Special) to use_no_semi_2.o(.text) for __use_no_semihosting
    usart.o(i.HAL_UART_MspInit) refers (Special) to use_no_semi_2.o(.text) for __use_no_semihosting
    usart.o(i.HAL_UART_MspInit) refers to stm32f4xx_hal_gpio.o(i.HAL_GPIO_Init) for HAL_GPIO_Init
    usart.o(i.HAL_UART_MspInit) refers to stm32f4xx_hal_cortex.o(i.HAL_NVIC_EnableIRQ) for HAL_NVIC_EnableIRQ
    usart.o(i.HAL_UART_MspInit) refers to stm32f4xx_hal_cortex.o(i.HAL_NVIC_SetPriority) for HAL_NVIC_SetPriority
    usart.o(i.HAL_UART_RxCpltCallback) refers (Special) to use_no_semi_2.o(.text) for __use_no_semihosting
    usart.o(i.HAL_UART_RxCpltCallback) refers to stm32f4xx_hal_uart.o(i.HAL_UART_Receive_IT) for HAL_UART_Receive_IT
    usart.o(i.HAL_UART_RxCpltCallback) refers to usart.o(.data) for g_rx_buffer
[...]
    .ARM.Collect$$libinit$$00000001          0x080001fe   Section        4  libinit2.o(.ARM.Collect$$libinit$$00000001)
    .ARM.Collect$$libinit$$00000004          0x08000202   Section        0  libinit2.o(.ARM.Collect$$libinit$$00000004)
    .ARM.Collect$$libinit$$0000000A          0x08000202   Section        0  libinit2.o(.ARM.Collect$$libinit$$0000000A)
    .ARM.Collect$$libinit$$0000000C          0x08000202   Section        0  libinit2.o(.ARM.Collect$$libinit$$0000000C)
    .ARM.Collect$$libinit$$0000000E          0x08000202   Section        0  libinit2.o(.ARM.Collect$$libinit$$0000000E)
    .ARM.Collect$$libinit$$00000011          0x08000202   Section        0  libinit2.o(.ARM.Collect$$libinit$$00000011)
    .ARM.Collect$$libinit$$00000013          0x08000202   Section        0  libinit2.o(.ARM.Collect$$libinit$$00000013)
    .ARM.Collect$$libinit$$00000015          0x08000202   Section        0  libinit2.o(.ARM.Collect$$libinit$$00000015)
    .ARM.Collect$$libinit$$00000017          0x08000202   Section        0  libinit2.o(.ARM.Collect$$libinit$$00000017)
    .ARM.Collect$$libinit$$00000019          0x08000202   Section        0  libinit2.o(.ARM.Collect$$libinit$$00000019)
    .ARM.Collect$$libinit$$0000001B          0x08000202   Section        0  libinit2.o(.ARM.Collect$$libinit$$0000001B)
    .ARM.Collect$$libinit$$0000001D          0x08000202   Section        0  libinit2.o(.ARM.Collect$$libinit$$0000001D)
    .ARM.Collect$$libinit$$0000001F          0x08000202   Section        0  libinit2.o(.ARM.Collect$$libinit$$0000001F)
    .ARM.Collect$$libinit$$00000021          0x08000202   Section        0  libinit2.o(.ARM.Collect$$libinit$$00000021)
    .ARM.Collect$$libinit$$00000023          0x08000202   Section        0  libinit2.o(.ARM.Collect$$libinit$$00000023)
    .ARM.Collect$$libinit$$00000025          0x08000202   Section        0  libinit2.o(.ARM.Collect$$libinit$$00000025)
    .ARM.Collect$$libinit$$0000002C          0x08000202   Section        0  libinit2.o(.ARM.Collect$$libinit$$0000002C)
    .ARM.Collect$$libinit$$0000002E          0x08000202   Section        0  libinit2.o(.ARM.Collect$$libinit$$0000002E)
    .ARM.Collect$$libinit$$00000030          0x08000202   Section        0  libinit2.o(.ARM.Collect$$libinit$$00000030)
    .ARM.Collect$$libinit$$00000032          0x08000202   Section        0  libinit2.o(.ARM.Collect$$libinit$$00000032)
    .ARM.Collect$$libinit$$00000033          0x08000202   Section        2  libinit2.o(.ARM.Collect$$libinit$$00000033)
    .ARM.Collect$$libshutdown$$00000000      0x08000204   Section        2  libshutdown.o(.ARM.Collect$$libshutdown$$00000000)
    .ARM.Collect$$libshutdown$$00000002      0x08000206   Section        0  libshutdown2.o(.ARM.Collect$$libshutdown$$00000002)
    .ARM.Collect$$libshutdown$$00000004      0x08000206   Section        0  libshutdown2.o(.ARM.Collect$$libshutdown$$00000004)
    .ARM.Collect$$libshutdown$$00000006      0x08000206   Section        0  libshutdown2.o(.ARM.Collect$$libshutdown$$00000006)
    .ARM.Collect$$libshutdown$$00000009      0x08000206   Section        0  libshutdown2.o(.ARM.Collect$$libshutdown$$00000009)
    .ARM.Collect$$libshutdown$$0000000C      0x08000206   Section        0  libshutdown2.o(.ARM.Collect$$libshutdown$$0000000C)
    .ARM.Collect$$libshutdown$$0000000E      0x08000206   Section        0  libshutdown2.o(.ARM.Collect$$libshutdown$$0000000E)
    .ARM.Collect$$libshutdown$$00000011      0x08000206   Section        0  libshutdown2.o(.ARM.Collect$$libshutdown$$00000011)
    .ARM.Collect$$libshutdown$$00000012      0x08000206   Section        2  libshutdown2.o(.ARM.Collect$$libshutdown$$00000012)
    .ARM.Collect$$rtentry$$00000000          0x08000208   Section        0  __rtentry.o(.ARM.Collect$$rtentry$$00000000)
    .ARM.Collect$$rtentry$$00000002          0x08000208   Section        0  __rtentry2.o(.ARM.Collect$$rtentry$$00000002)
    .ARM.Collect$$rtentry$$00000004          0x08000208   Section        6  __rtentry4.o(.ARM.Collect$$rtentry$$00000004)
    .ARM.Collect$$rtentry$$00000009          0x0800020e   Section        0  __rtentry2.o(.ARM.Collect$$rtentry$$00000009)
    .ARM.Collect$$rtentry$$0000000A          0x0800020e   Section        4  __rtentry2.o(.ARM.Collect$$rtentry$$0000000A)
    .ARM.Collect$$rtentry$$0000000C          0x08000212   Section        0  __rtentry2.o(.ARM.Collect$$rtentry$$0000000C)
    .ARM.Collect$$rtentry$$0000000D          0x08000212   Section        8  __rtentry2.o(.ARM.Collect$$rtentry$$0000000D)
    .ARM.Collect$$rtexit$$00000000           0x0800021a   Section        2  rtexit.o(.ARM.Collect$$rtexit$$00000000)
    .ARM.Collect$$rtexit$$00000002           0x0800021c   Section        0  rtexit2.o(.ARM.Collect$$rtexit$$00000002)
    .ARM.Collect$$rtexit$$00000003           0x0800021c   Section        4  rtexit2.o(.ARM.Collect$$rtexit$$00000003)
    .ARM.Collect$$rtexit$$00000004           0x08000220   Section        6  rtexit2.o(.ARM.Collect$$rtexit$$00000004)
    .text                                    0x08000228   Section       76  startup_stm32f407xx.o(.text)
    $v0                                      0x08000228   Number         0  startup_stm32f407xx.o(.text)
    .text                                    0x08000274   Section        2  use_no_semi_2.o(.text)
    .text                                    0x08000276   Section      238  lludivv7m.o(.text)
    .text                                    0x08000364   Section       78  rt_memclr_w.o(.text)
    .text                                    0x080003b2   Section        0  heapauxi.o(.text)
    .text                                    0x080003b8   Section        2  use_no_semi.o(.text)
    .text                                    0x080003ba   Section       74  sys_stackheap_outer.o(.text)
    .text                                    0x08000404   Section        0  exit.o(.text)
    .text                                    0x08000418   Section        8  libspace.o(.text)
    i.B_Check                                0x08000420   Section        0  key.o(i.B_Check)
    i.BusFault_Handler                       0x080004f8   Section        0  stm32f4xx_it.o(i.BusFault_Handler)
    i.Check_Auto                             0x080004fc   Section        0  key.o(i.Check_Auto)
    i.DebugMon_Handler                       0x08000544   Section        0  stm32f4xx_it.o(i.DebugMon_Handler)
    i.EXTI1_IRQHandler                       0x08000546   Section        0  key.o(i.EXTI1_IRQHandler)
    i.Encoder_Init                           0x08000550   Section        0  key.o(i.Encoder_Init)
    i.GPIO_Init                              0x080005c0   Section        0  oled.o(i.GPIO_Init)
    i.G_Check                                0x080006f8   Section        0  key.o(i.G_Check)
    i.Gary_Check                             0x080007d0   Section        0  key.o(i.Gary_Check)
    i.HAL_DMA_Abort                          0x0800084c   Section        0  stm32f4xx_hal_dma.o(i.HAL_DMA_Abort)
    i.HAL_DMA_Abort_IT                       0x080008f6   Section        0  stm32f4xx_hal_dma.o(i.HAL_DMA_Abort_IT)
    i.HAL_GPIO_EXTI_Callback                 0x08000920   Section        0  key.o(i.HAL_GPIO_EXTI_Callback)
    i.HAL_GPIO_EXTI_IRQHandler               0x08000978   Section        0  stm32f4xx_hal_gpio.o(i.HAL_GPIO_EXTI_IRQHandler)
    i.HAL_GPIO_Init                          0x08000994   Section        0  stm32f4xx_hal_gpio.o(i.HAL_GPIO_Init)
    i.HAL_GPIO_ReadPin                       0x08000b98   Section        0  stm32f4xx_hal_gpio.o(i.HAL_GPIO_ReadPin)
    i.HAL_GPIO_WritePin                      0x08000ba8   Section        0  stm32f4xx_hal_gpio.o(i.HAL_GPIO_WritePin)
    i.HAL_GetREVID                           0x08000bb4   Section        0  stm32f4xx_hal.o(i.HAL_GetREVID)
    i.HAL_GetTick                            0x08000bc0   Section        0  stm32f4xx_hal.o(i.HAL_GetTick)
    i.HAL_IncTick                            0x08000bcc   Section        0  stm32f4xx_hal.o(i.HAL_IncTick)
    i.HAL_Init                               0x08000be4   Section        0  stm32f4xx_hal.o(i.HAL_Init)
    i.HAL_InitTick                           0x08000c14   Section        0  stm32f4xx_hal.o(i.HAL_InitTick)
    i.HAL_MspInit                            0x08000c60   Section        0  stm32f4xx_hal.o(i.HAL_MspInit)
    i.HAL_NVIC_EnableIRQ                     0x08000c62   Section        0  stm32f4xx_hal_cortex.o(i.HAL_NVIC_EnableIRQ)
    i.HAL_NVIC_SetPriority                   0x08000c82   Section        0  stm32f4xx_hal_cortex.o(i.HAL_NVIC_SetPriority)
    i.HAL_NVIC_SetPriorityGrouping           0x08000d00   Section        0  stm32f4xx_hal_cortex.o(i.HAL_NVIC_SetPriorityGrouping)
    i.HAL_RCC_ClockConfig                    0x08000d28   Section        0  stm32f4xx_hal_rcc.o(i.HAL_RCC_ClockConfig)
    i.HAL_RCC_GetHCLKFreq                    0x08000eac   Section        0  stm32f4xx_hal_rcc.o(i.HAL_RCC_GetHCLKFreq)
    i.HAL_RCC_GetPCLK1Freq                   0x08000eb8   Section        0  stm32f4xx_hal_rcc.o(i.HAL_RCC_GetPCLK1Freq)
    i.HAL_RCC_GetPCLK2Freq                   0x08000ed8   Section        0  stm32f4xx_hal_rcc.o(i.HAL_RCC_GetPCLK2Freq)
    i.HAL_RCC_GetSysClockFreq                0x08000ef8   Section        0  stm32f4xx_hal_rcc.o(i.HAL_RCC_GetSysClockFreq)
    i.HAL_RCC_OscConfig                      0x08000fa8   Section        0  stm32f4xx_hal_rcc.o(i.HAL_RCC_OscConfig)
    i.HAL_SYSTICK_Config                     0x08001444   Section        0  stm32f4xx_hal_cortex.o(i.HAL_SYSTICK_Config)
    i.HAL_UARTEx_RxEventCallback             0x08001478   Section        0  stm32f4xx_hal_uart.o(i.HAL_UARTEx_RxEventCallback)
    i.HAL_UART_ErrorCallback                 0x0800147a   Section        0  stm32f4xx_hal_uart.o(i.HAL_UART_ErrorCallback)
    i.HAL_UART_IRQHandler                    0x0800147c   Section        0  stm32f4xx_hal_uart.o(i.HAL_UART_IRQHandler)
    i.HAL_UART_Init                          0x080016cc   Section        0  stm32f4xx_hal_uart.o(i.HAL_UART_Init)
    i.HAL_UART_MspInit                       0x08001740   Section        0  usart.o(i.HAL_UART_MspInit)
    i.HAL_UART_Receive_IT                    0x080018a4   Section        0  stm32f4xx_hal_uart.o(i.HAL_UART_Receive_IT)
    i.HAL_UART_RxCpltCallback                0x080018e8   Section        0  usart.o(i.HAL_UART_RxCpltCallback)
    i.HAL_UART_TxCpltCallback                0x080019bc   Section        0  stm32f4xx_hal_uart.o(i.HAL_UART_TxCpltCallback)
    i.HardFault_Handler                      0x080019be   Section        0  stm32f4xx_it.o(i.HardFault_Handler)
    i.IIC_Start                              0x080019c2   Section        0  oled.o(i.IIC_Start)
    i.IIC_Stop                               0x080019ea   Section        0  oled.o(i.IIC_Stop)
    i.IIC_delay                              0x08001a04   Section        0  oled.o(i.IIC_delay)
    i.MemManage_Handler                      0x08001a14   Section        0  stm32f4xx_it.o(i.MemManage_Handler)
    i.NACK                                   0x08001a18   Section        0  oled.o(i.NACK)
    i.NMI_Handler                            0x08001a3a   Section        0  stm32f4xx_it.o(i.NMI_Handler)
    i.OLED_Pow                               0x08001a3c   Section        0  oled.o(i.OLED_Pow)
    i.OLED_ShowChar                          0x08001a54   Section        0  oled.o(i.OLED_ShowChar)
    i.OLED_ShowNum                           0x08001b90   Section        0  oled.o(i.OLED_ShowNum)
    i.OLED_ShowString                        0x08001c1c   Section        0  oled.o(i.OLED_ShowString)
    i.PCA9685_1_ACK                          0x08001c66   Section        0  pca9685.o(i.PCA9685_1_ACK)
    i.PCA9685_1_NACK                         0x08001c8a   Section        0  pca9685.o(i.PCA9685_1_NACK)
    i.PCA9685_1_Read                         0x08001cac   Section        0  pca9685.o(i.PCA9685_1_Read)
    i.PCA9685_1_SCL                          0x08001cf0   Section        0  pca9685.o(i.PCA9685_1_SCL)
    i.PCA9685_1_SDA                          0x08001d14   Section        0  pca9685.o(i.PCA9685_1_SDA)
    i.PCA9685_1_Start                        0x08001d38   Section        0  pca9685.o(i.PCA9685_1_Start)
    i.PCA9685_1_Stop                         0x08001d60   Section        0  pca9685.o(i.PCA9685_1_Stop)
    i.PCA9685_1_Wait_ACK                     0x08001d7c   Section        0  pca9685.o(i.PCA9685_1_Wait_ACK)
    i.PCA9685_1_Write                        0x08001dc4   Section        0  pca9685.o(i.PCA9685_1_Write)
    i.PCA9685_1_read_byte                    0x08001df4   Section        0  pca9685.o(i.PCA9685_1_read_byte)
    i.PCA9685_1_sent_byte                    0x08001e44   Section        0  pca9685.o(i.PCA9685_1_sent_byte)
    i.PCA9685_1_setFreq                      0x08001e84   Section        0  pca9685.o(i.PCA9685_1_setFreq)
    i.PCA9685_1_setPWM                       0x08001f70   Section        0  pca9685.o(i.PCA9685_1_setPWM)
    i.PCA9685_2_ACK                          0x08001fc6   Section        0  pca9685.o(i.PCA9685_2_ACK)
    i.PCA9685_2_NACK                         0x08001fea   Section        0  pca9685.o(i.PCA9685_2_NACK)
    i.PCA9685_2_Read                         0x0800200c   Section        0  pca9685.o(i.PCA9685_2_Read)
    i.PCA9685_2_SCL                          0x08002050   Section        0  pca9685.o(i.PCA9685_2_SCL)
    i.PCA9685_2_SDA                          0x08002074   Section        0  pca9685.o(i.PCA9685_2_SDA)
    i.PCA9685_2_Start                        0x08002098   Section        0  pca9685.o(i.PCA9685_2_Start)
    i.PCA9685_2_Stop                         0x080020c0   Section        0  pca9685.o(i.PCA9685_2_Stop)
    i.PCA9685_2_Wait_ACK                     0x080020dc   Section        0  pca9685.o(i.PCA9685_2_Wait_ACK)
    i.PCA9685_2_Write                        0x08002124   Section        0  pca9685.o(i.PCA9685_2_Write)
    i.PCA9685_2_read_byte                    0x08002154   Section        0  pca9685.o(i.PCA9685_2_read_byte)
    i.PCA9685_2_sent_byte                    0x080021a8   Section        0  pca9685.o(i.PCA9685_2_sent_byte)
    i.PCA9685_2_setFreq                      0x080021e8   Section        0  pca9685.o(i.PCA9685_2_setFreq)
    i.PCA9685_2_setPWM                       0x08002300   Section        0  pca9685.o(i.PCA9685_2_setPWM)
    i.PCA9685_IIC_Init                       0x08002358   Section        0  pca9685.o(i.PCA9685_IIC_Init)
    i.PCA9685_Init                           0x080023c8   Section        0  pca9685.o(i.PCA9685_Init)
    i.PCA9685_delay                          0x08002546   Section        0  pca9685.o(i.PCA9685_delay)
    i.PendSV_Handler                         0x08002556   Section        0  stm32f4xx_it.o(i.PendSV_Handler)
    i.R_Check                                0x08002558   Section        0  key.o(i.R_Check)
    i.SCL                                    0x08002630   Section        0  oled.o(i.SCL)
    i.SDA                                    0x08002654   Section        0  oled.o(i.SDA)
    i.SET_PWM                                0x08002678   Section        0  pca9685.o(i.SET_PWM)
    i.SVC_Handler                            0x080026a0   Section        0  stm32f4xx_it.o(i.SVC_Handler)
    i.Site_Check                             0x080026a4   Section        0  key.o(i.Site_Check)
    i.Switch_Check                           0x08002748   Section        0  key.o(i.Switch_Check)
    i.SysTick_Handler                        0x080027c4   Section        0  stm32f4xx_it.o(i.SysTick_Handler)
    i.SystemInit                             0x080027cc   Section        0  system_stm32f4xx.o(i.SystemInit)
    i.UART_DMAAbortOnError                   0x080027e0   Section        0  stm32f4xx_hal_uart.o(i.UART_DMAAbortOnError)
    UART_DMAAbortOnError                     0x080027e1   Thumb Code    20  stm32f4xx_hal_uart.o(i.UART_DMAAbortOnError)
    i.UART_EndRxTransfer                     0x080027f4   Section        0  stm32f4xx_hal_uart.o(i.UART_EndRxTransfer)
    UART_EndRxTransfer                       0x080027f5   Thumb Code    54  stm32f4xx_hal_uart.o(i.UART_EndRxTransfer)
    i.UART_EndTransmit_IT                    0x0800282a   Section        0  stm32f4xx_hal_uart.o(i.UART_EndTransmit_IT)
    UART_EndTransmit_IT                      0x0800282b   Thumb Code    32  stm32f4xx_hal_uart.o(i.UART_EndTransmit_IT)
    i.UART_Receive_IT                        0x0800284a   Section        0  stm32f4xx_hal_uart.o(i.UART_Receive_IT)
    UART_Receive_IT                          0x0800284b   Thumb Code   190  stm32f4xx_hal_uart.o(i.UART_Receive_IT)
    i.UART_SetConfig                         0x08002908   Section        0  stm32f4xx_hal_uart.o(i.UART_SetConfig)
    UART_SetConfig                           0x08002909   Thumb Code   546  stm32f4xx_hal_uart.o(i.UART_SetConfig)
    i.UART_Start_Receive_IT                  0x08002b34   Section        0  stm32f4xx_hal_uart.o(i.UART_Start_Receive_IT)
    i.UART_Transmit_IT                       0x08002b7a   Section        0  stm32f4xx_hal_uart.o(i.UART_Transmit_IT)
    UART_Transmit_IT                         0x08002b7b   Thumb Code    96  stm32f4xx_hal_uart.o(i.UART_Transmit_IT)
    i.USART1_IRQHandler                      0x08002bdc   Section        0  usart.o(i.USART1_IRQHandler)
    i.USART3_IRQHandler                      0x08002bec   Section        0  usart.o(i.USART3_IRQHandler)
    i.UsageFault_Handler                     0x08002bfc   Section        0  stm32f4xx_it.o(i.UsageFault_Handler)
    i.Usart4_Init                            0x08002c00   Section        0  usart.o(i.Usart4_Init)
    i.__NVIC_GetPriorityGrouping             0x08002c38   Section        0  stm32f4xx_hal_cortex.o(i.__NVIC_GetPriorityGrouping)
    __NVIC_GetPriorityGrouping               0x08002c39   Thumb Code    10  stm32f4xx_hal_cortex.o(i.__NVIC_GetPriorityGrouping)
    i.__NVIC_SetPriority                     0x08002c48   Section        0  stm32f4xx_hal_cortex.o(i.__NVIC_SetPriority)
    __NVIC_SetPriority                       0x08002c49   Thumb Code    32  stm32f4xx_hal_cortex.o(i.__NVIC_SetPriority)
    i.__hardfp_floor                         0x08002c70   Section        0  floor.o(i.__hardfp_floor)
    i._sys_exit                              0x08002d88   Section        0  usart.o(i._sys_exit)
    i.delay_init                             0x08002d8c   Section        0  delay.o(i.delay_init)
    i.delay_ms                               0x08002d98   Section        0  delay.o(i.delay_ms)
    i.delay_us                               0x08002dac   Section        0  delay.o(i.delay_us)
    i.key_init                               0x08002df4   Section        0  key.o(i.key_init)
    i.key_scan                               0x08002e40   Section        0  key.o(i.key_scan)
    i.led_init                               0x08002e94   Section        0  led.o(i.led_init)
    i.main                                   0x08002f2c   Section        0  main.o(i.main)
    i.menu1                                  0x08002f78   Section        0  menu.o(i.menu1)
    i.oled_clear                             0x080038fc   Section        0  oled.o(i.oled_clear)
    i.oled_drawpoint                         0x0800392c   Section        0  oled.o(i.oled_drawpoint)
    i.oled_refresh                           0x080039a4   Section        0  oled.o(i.oled_refresh)
    i.oled_write                             0x08003a0c   Section        0  oled.o(i.oled_write)
    i.safe_site                              0x08003a44   Section        0  menu.o(i.safe_site)
    i.sent_byte                              0x08003a60   Section        0  oled.o(i.sent_byte)
    i.set_max_t_pwm                          0x08003a9e   Section        0  menu.o(i.set_max_t_pwm)
    i.sys_stm32_clock_init                   0x08003ea8   Section        0  sys.o(i.sys_stm32_clock_init)
    i.usart_init                             0x08003f84   Section        0  usart.o(i.usart_init)
    x$fpl$d2f                                0x08003fbc   Section       98  d2f.o(x$fpl$d2f)
    $v0                                      0x08003fbc   Number         0  d2f.o(x$fpl$d2f)
    x$fpl$dadd                               0x08004020   Section      336  daddsub_clz.o(x$fpl$dadd)
    $v0                                      0x08004020   Number         0  daddsub_clz.o(x$fpl$dadd)
    _dadd1                                   0x08004031   Thumb Code     0  daddsub_clz.o(x$fpl$dadd)
    x$fpl$dcmpinf                            0x08004170   Section       24  dcmpi.o(x$fpl$dcmpinf)
    $v0                                      0x08004170   Number         0  dcmpi.o(x$fpl$dcmpinf)
    x$fpl$ddiv                               0x08004188   Section      688  ddiv.o(x$fpl$ddiv)
    $v0                                      0x08004188   Number         0  ddiv.o(x$fpl$ddiv)
    ddiv_entry                               0x0800418f   Thumb Code     0  ddiv.o(x$fpl$ddiv)
    x$fpl$dfixu                              0x08004438   Section       90  dfixu.o(x$fpl$dfixu)
    $v0                                      0x08004438   Number         0  dfixu.o(x$fpl$dfixu)
    x$fpl$dflt                               0x08004492   Section       46  dflt_clz.o(x$fpl$dflt)
    $v0                                      0x08004492   Number         0  dflt_clz.o(x$fpl$dflt)
    x$fpl$dleqf                              0x080044c0   Section      120  dleqf.o(x$fpl$dleqf)
    $v0                                      0x080044c0   Number         0  dleqf.o(x$fpl$dleqf)
    x$fpl$dmul                               0x08004538   Section      340  dmul.o(x$fpl$dmul)
    $v0                                      0x08004538   Number         0  dmul.o(x$fpl$dmul)
    x$fpl$dnaninf                            0x0800468c   Section      156  dnaninf.o(x$fpl$dnaninf)
    $v0                                      0x0800468c   Number         0  dnaninf.o(x$fpl$dnaninf)
    x$fpl$dretinf                            0x08004728   Section       12  dretinf.o(x$fpl$dretinf)
    $v0                                      0x08004728   Number         0  dretinf.o(x$fpl$dretinf)
    x$fpl$drleqf                             0x08004734   Section      108  drleqf.o(x$fpl$drleqf)
    $v0                                      0x08004734   Number         0  drleqf.o(x$fpl$drleqf)
    x$fpl$drsb                               0x080047a0   Section       22  daddsub_clz.o(x$fpl$drsb)
    $v0                                      0x080047a0   Number         0  daddsub_clz.o(x$fpl$drsb)
    x$fpl$dsub                               0x080047b8   Section      468  daddsub_clz.o(x$fpl$dsub)
    $v0                                      0x080047b8   Number         0  daddsub_clz.o(x$fpl$dsub)
    _dsub1                                   0x080047c9   Thumb Code     0  daddsub_clz.o(x$fpl$dsub)
    x$fpl$f2d                                0x0800498c   Section       86  f2d.o(x$fpl$f2d)
    $v0                                      0x0800498c   Number         0  f2d.o(x$fpl$f2d)
    x$fpl$fnaninf                            0x080049e2   Section      140  fnaninf.o(x$fpl$fnaninf)
    $v0                                      0x080049e2   Number         0  fnaninf.o(x$fpl$fnaninf)
    x$fpl$fpinit                             0x08004a6e   Section       10  fpinit.o(x$fpl$fpinit)
    $v0                                      0x08004a6e   Number         0  fpinit.o(x$fpl$fpinit)
    x$fpl$fretinf                            0x08004a78   Section       10  fretinf.o(x$fpl$fretinf)
    $v0                                      0x08004a78   Number         0  fretinf.o(x$fpl$fretinf)
    .constdata                               0x08004a82   Section       24  system_stm32f4xx.o(.constdata)
    x$fpl$usenofp                            0x08004a82   Section        0  usenofp.o(x$fpl$usenofp)
    .constdata                               0x08004a9a   Section     7600  oled.o(.constdata)
    .data                                    0x20000000   Section        4  system_stm32f4xx.o(.data)
    .data                                    0x20000004   Section        4  delay.o(.data)
    g_fac_us                                 0x20000004   Data           4  delay.o(.data)
    .data                                    0x20000008   Section       14  usart.o(.data)
    .data                                    0x20000018   Section        9  stm32f4xx_hal.o(.data)
    .data                                    0x20000021   Section        5  key.o(.data)
    key_up                                   0x20000025   Data           1  key.o(.data)
    .data                                    0x20000028   Section       17  menu.o(.data)
    .bss                                     0x2000003c   Section      348  usart.o(.bss)
    .bss                                     0x20000198   Section       27  key.o(.bss)
    .bss                                     0x200001b3   Section     1024  oled.o(.bss)
    .bss                                     0x200005b4   Section       96  libspace.o(.bss)
    HEAP                                     0x20000618   Section        0  startup_stm32f407xx.o(HEAP)
    STACK                                    0x20000618   Section     1024  startup_stm32f407xx.o(STACK)
    Heap_Mem                                 0x20000618   Data           0  startup_stm32f407xx.o(HEAP)
    Stack_Mem                                0x20000618   Data        1024  startup_stm32f407xx.o(STACK)
    __initial_sp                             0x20000a18   Data           0  startup_stm32f407xx.o(STACK)

    Global Symbols

    Symbol Name                              Value     Ov Type        Size  Object(Section)

    BuildAttributes$$THM_ISAv4$E$P$D$K$B$S$7EM$VFPi3$EXTD16$VFPS$VFMA$PE$A:L22UL41UL21$X:L11$S22US41US21$IEEE1$IW$USESV6$~STKCKD$USESV7$~SHL$OTIME$ROPI$IEEEJ$EBA8$UX$STANDARDLIB$REQ8$PRES8$EABIv2 0x00000000   Number         0  anon$$obj.o ABSOLUTE
    __ARM_use_no_argv                        0x00000000   Number         0  main.o ABSOLUTE
    __ARM_exceptions_init                     - Undefined Weak Reference
    __alloca_initialize                       - Undefined Weak Reference
    __arm_fini_                               - Undefined Weak Reference
    __arm_preinit_                            - Undefined Weak Reference
    __cpp_initialize__aeabi_                  - Undefined Weak Reference
    __cxa_finalize                            - Undefined Weak Reference
    __rt_locale                               - Undefined Weak Reference
    __sigvec_lookup                           - Undefined Weak Reference
    _atexit_init                              - Undefined Weak Reference
    _call_atexit_fns                          - Undefined Weak Reference
    _clock_init                               - Undefined Weak Reference
    _fp_trap_init                             - Undefined Weak Reference
    _fp_trap_shutdown                         - Undefined Weak Reference
    _get_lc_collate                           - Undefined Weak Reference
    _get_lc_ctype                             - Undefined Weak Reference
    _get_lc_monetary                          - Undefined Weak Reference
    _get_lc_numeric                           - Undefined Weak Reference
    _get_lc_time                              - Undefined Weak Reference
    _getenv_init                              - Undefined Weak Reference
    _handle_redirection                       - Undefined Weak Reference
    _init_alloc                               - Undefined Weak Reference
    _init_user_alloc                          - Undefined Weak Reference
    _initio                                   - Undefined Weak Reference
    _rand_init                                - Undefined Weak Reference
    _signal_finish                            - Undefined Weak Reference
    _signal_init                              - Undefined Weak Reference
    _terminate_alloc                          - Undefined Weak Reference
    _terminate_user_alloc                     - Undefined Weak Reference
    _terminateio                              - Undefined Weak Reference
    __Vectors_Size                           0x00000188   Number         0  startup_stm32f407xx.o ABSOLUTE
    __Vectors                                0x08000000   Data           4  startup_stm32f407xx.o(RESET)
    __Vectors_End                            0x08000188   Data           0  startup_stm32f407xx.o(RESET)
    __main                                   0x08000189   Thumb Code     8  __main.o(!!!main)
    __scatterload                            0x08000191   Thumb Code     0  __scatter.o(!!!scatter)
    __scatterload_rt2                        0x08000191   Thumb Code    44  __scatter.o(!!!scatter)
    __scatterload_rt2_thumb_only             0x08000191   Thumb Code     0  __scatter.o(!!!scatter)
    __scatterload_null                       0x0800019f   Thumb Code     0  __scatter.o(!!!scatter)
    __scatterload_copy                       0x080001c5   Thumb Code    26  __scatter_copy.o(!!handler_copy)
    __scatterload_zeroinit                   0x080001e1   Thumb Code    28  __scatter_zi.o(!!handler_zi)
    __rt_lib_init                            0x080001fd   Thumb Code     0  libinit.o(.ARM.Collect$$libinit$$00000000)
    __rt_lib_init_fp_1                       0x080001ff   Thumb Code     0  libinit2.o(.ARM.Collect$$libinit$$00000001)
    __rt_lib_init_alloca_1                   0x08000203   Thumb Code     0  libinit2.o(.ARM.Collect$$libinit$$0000002E)
    __rt_lib_init_argv_1                     0x08000203   Thumb Code     0  libinit2.o(.ARM.Collect$$libinit$$0000002C)
    __rt_lib_init_atexit_1                   0x08000203   Thumb Code     0  libinit2.o(.ARM.Collect$$libinit$$0000001B)
    __rt_lib_init_clock_1                    0x08000203   Thumb Code     0  libinit2.o(.ARM.Collect$$libinit$$00000021)
    __rt_lib_init_cpp_1                      0x08000203   Thumb Code     0  libinit2.o(.ARM.Collect$$libinit$$00000032)
    __rt_lib_init_exceptions_1               0x08000203   Thumb Code     0  libinit2.o(.ARM.Collect$$libinit$$00000030)
    __rt_lib_init_fp_trap_1                  0x08000203   Thumb Code     0  libinit2.o(.ARM.Collect$$libinit$$0000001F)
    __rt_lib_init_getenv_1                   0x08000203   Thumb Code     0  libinit2.o(.ARM.Collect$$libinit$$00000023)
    __rt_lib_init_heap_1                     0x08000203   Thumb Code     0  libinit2.o(.ARM.Collect$$libinit$$0000000A)
    __rt_lib_init_lc_collate_1               0x08000203   Thumb Code     0  libinit2.o(.ARM.Collect$$libinit$$00000011)
    __rt_lib_init_lc_ctype_1                 0x08000203   Thumb Code     0  libinit2.o(.ARM.Collect$$libinit$$00000013)
    __rt_lib_init_lc_monetary_1              0x08000203   Thumb Code     0  libinit2.o(.ARM.Collect$$libinit$$00000015)
    __rt_lib_init_lc_numeric_1               0x08000203   Thumb Code     0  libinit2.o(.ARM.Collect$$libinit$$00000017)
    __rt_lib_init_lc_time_1                  0x08000203   Thumb Code     0  libinit2.o(.ARM.Collect$$libinit$$00000019)
    __rt_lib_init_preinit_1                  0x08000203   Thumb Code     0  libinit2.o(.ARM.Collect$$libinit$$00000004)
    __rt_lib_init_rand_1                     0x08000203   Thumb Code     0  libinit2.o(.ARM.Collect$$libinit$$0000000E)
    __rt_lib_init_return                     0x08000203   Thumb Code     0  libinit2.o(.ARM.Collect$$libinit$$00000033)
    __rt_lib_init_signal_1                   0x08000203   Thumb Code     0  libinit2.o(.ARM.Collect$$libinit$$0000001D)
    __rt_lib_init_stdio_1                    0x08000203   Thumb Code     0  libinit2.o(.ARM.Collect$$libinit$$00000025)
    __rt_lib_init_user_alloc_1               0x08000203   Thumb Code     0  libinit2.o(.ARM.Collect$$libinit$$0000000C)
    __rt_lib_shutdown                        0x08000205   Thumb Code     0  libshutdown.o(.ARM.Collect$$libshutdown$$00000000)
    __rt_lib_shutdown_cpp_1                  0x08000207   Thumb Code     0  libshutdown2.o(.ARM.Collect$$libshutdown$$00000004)
    __rt_lib_shutdown_fini_1                 0x08000207   Thumb Code     0  libshutdown2.o(.ARM.Collect$$libshutdown$$00000002)
    __rt_lib_shutdown_fp_trap_1              0x08000207   Thumb Code     0  libshutdown2.o(.ARM.Collect$$libshutdown$$00000009)
    __rt_lib_shutdown_heap_1                 0x08000207   Thumb Code     0  libshutdown2.o(.ARM.Collect$$libshutdown$$00000011)
    __rt_lib_shutdown_return                 0x08000207   Thumb Code     0  libshutdown2.o(.ARM.Collect$$libshutdown$$00000012)
    __rt_lib_shutdown_signal_1               0x08000207   Thumb Code     0  libshutdown2.o(.ARM.Collect$$libshutdown$$0000000C)
    __rt_lib_shutdown_stdio_1                0x08000207   Thumb Code     0  libshutdown2.o(.ARM.Collect$$libshutdown$$00000006)
    __rt_lib_shutdown_user_alloc_1           0x08000207   Thumb Code     0  libshutdown2.o(.ARM.Collect$$libshutdown$$0000000E)
    __rt_entry                               0x08000209   Thumb Code     0  __rtentry.o(.ARM.Collect$$rtentry$$00000000)
    __rt_entry_presh_1                       0x08000209   Thumb Code     0  __rtentry2.o(.ARM.Collect$$rtentry$$00000002)
    __rt_entry_sh                            0x08000209   Thumb Code     0  __rtentry4.o(.ARM.Collect$$rtentry$$00000004)
    __rt_entry_li                            0x0800020f   Thumb Code     0  __rtentry2.o(.ARM.Collect$$rtentry$$0000000A)
    __rt_entry_postsh_1                      0x0800020f   Thumb Code     0  __rtentry2.o(.ARM.Collect$$rtentry$$00000009)
    __rt_entry_main                          0x08000213   Thumb Code     0  __rtentry2.o(.ARM.Collect$$rtentry$$0000000D)
    __rt_entry_postli_1                      0x08000213   Thumb Code     0  __rtentry2.o(.ARM.Collect$$rtentry$$0000000C)
    __rt_exit                                0x0800021b   Thumb Code     0  rtexit.o(.ARM.Collect$$rtexit$$00000000)
    __rt_exit_ls                             0x0800021d   Thumb Code     0  rtexit2.o(.ARM.Collect$$rtexit$$00000003)
    __rt_exit_prels_1                        0x0800021d   Thumb Code     0  rtexit2.o(.ARM.Collect$$rtexit$$00000002)
    __rt_exit_exit                           0x08000221   Thumb Code     0  rtexit2.o(.ARM.Collect$$rtexit$$00000004)
    Reset_Handler                            0x08000229   Thumb Code    18  startup_stm32f407xx.o(.text)
    ADC_IRQHandler                           0x0800024d   Thumb Code     0  startup_stm32f407xx.o(.text)
    CAN1_RX0_IRQHandler                      0x0800024d   Thumb Code     0  startup_stm32f407xx.o(.text)
    CAN1_RX1_IRQHandler                      0x0800024d   Thumb Code     0  startup_stm32f407xx.o(.text)
    CAN1_SCE_IRQHandler                      0x0800024d   Thumb Code     0  startup_stm32f407xx.o(.text)
    CAN1_TX_IRQHandler                       0x0800024d   Thumb Code     0  startup_stm32f407xx.o(.text)
    CAN2_RX0_IRQHandler                      0x0800024d   Thumb Code     0  startup_stm32f407xx.o(.text)
    CAN2_RX1_IRQHandler                      0x0800024d   Thumb Code     0  startup_stm32f407xx.o(.text)
    CAN2_SCE_IRQHandler                      0x0800024d   Thumb Code     0  startup_stm32f407xx.o(.text)
    CAN2_TX_IRQHandler                       0x0800024d   Thumb Code     0  startup_stm32f407xx.o(.text)
    DCMI_IRQHandler                          0x0800024d   Thumb Code     0  startup_stm32f407xx.o(.text)
    DMA1_Stream0_IRQHandler                  0x0800024d   Thumb Code     0  startup_stm32f407xx.o(.text)
    DMA1_Stream1_IRQHandler                  0x0800024d   Thumb Code     0  startup_stm32f407xx.o(.text)
    DMA1_Stream2_IRQHandler                  0x0800024d   Thumb Code     0  startup_stm32f407xx.o(.text)
    DMA1_Stream3_IRQHandler                  0x0800024d   Thumb Code     0  startup_stm32f407xx.o(.text)
    DMA1_Stream4_IRQHandler                  0x0800024d   Thumb Code     0  startup_stm32f407xx.o(.text)
    DMA1_Stream5_IRQHandler                  0x0800024d   Thumb Code     0  startup_stm32f407xx.o(.text)
    DMA1_Stream6_IRQHandler                  0x0800024d   Thumb Code     0  startup_stm32f407xx.o(.text)
    DMA1_Stream7_IRQHandler                  0x0800024d   Thumb Code     0  startup_stm32f407xx.o(.text)
    DMA2_Stream0_IRQHandler                  0x0800024d   Thumb Code     0  startup_stm32f407xx.o(.text)
    DMA2_Stream1_IRQHandler                  0x0800024d   Thumb Code     0  startup_stm32f407xx.o(.text)
    DMA2_Stream2_IRQHandler                  0x0800024d   Thumb Code     0  startup_stm32f407xx.o(.text)
    DMA2_Stream3_IRQHandler                  0x0800024d   Thumb Code     0  startup_stm32f407xx.o(.text)
    DMA2_Stream4_IRQHandler                  0x0800024d   Thumb Code     0  startup_stm32f407xx.o(.text)
    DMA2_Stream5_IRQHandler                  0x0800024d   Thumb Code     0  startup_stm32f407xx.o(.text)
    DMA2_Stream6_IRQHandler                  0x0800024d   Thumb Code     0  startup_stm32f407xx.o(.text)
    DMA2_Stream7_IRQHandler                  0x0800024d   Thumb Code     0  startup_stm32f407xx.o(.text)
    ETH_IRQHandler                           0x0800024d   Thumb Code     0  startup_stm32f407xx.o(.text)
    ETH_WKUP_IRQHandler                      0x0800024d   Thumb Code     0  startup_stm32f407xx.o(.text)
    EXTI0_IRQHandler                         0x0800024d   Thumb Code     0  startup_stm32f407xx.o(.text)
    EXTI15_10_IRQHandler                     0x0800024d   Thumb Code     0  startup_stm32f407xx.o(.text)
    EXTI2_IRQHandler                         0x0800024d   Thumb Code     0  startup_stm32f407xx.o(.text)
    EXTI3_IRQHandler                         0x0800024d   Thumb Code     0  startup_stm32f407xx.o(.text)
    EXTI4_IRQHandler                         0x0800024d   Thumb Code     0  startup_stm32f407xx.o(.text)
    EXTI9_5_IRQHandler                       0x0800024d   Thumb Code     0  startup_stm32f407xx.o(.text)
    FLASH_IRQHandler                         0x0800024d   Thumb Code     0  startup_stm32f407xx.o(.text)
    FMC_IRQHandler                           0x0800024d   Thumb Code     0  startup_stm32f407xx.o(.text)
    FPU_IRQHandler                           0x0800024d   Thumb Code     0  startup_stm32f407xx.o(.text)
    HASH_RNG_IRQHandler                      0x0800024d   Thumb Code     0  startup_stm32f407xx.o(.text)
    I2C1_ER_IRQHandler                       0x0800024d   Thumb Code     0  startup_stm32f407xx.o(.text)
    I2C1_EV_IRQHandler                       0x0800024d   Thumb Code     0  startup_stm32f407xx.o(.text)
    I2C2_ER_IRQHandler                       0x0800024d   Thumb Code     0  startup_stm32f407xx.o(.text)
    I2C2_EV_IRQHandler                       0x0800024d   Thumb Code     0  startup_stm32f407xx.o(.text)
    I2C3_ER_IRQHandler                       0x0800024d   Thumb Code     0  startup_stm32f407xx.o(.text)
    I2C3_EV_IRQHandler                       0x0800024d   Thumb Code     0  startup_stm32f407xx.o(.text)
    OTG_FS_IRQHandler                        0x0800024d   Thumb Code     0  startup_stm32f407xx.o(.text)
    OTG_FS_WKUP_IRQHandler                   0x0800024d   Thumb Code     0  startup_stm32f407xx.o(.text)
    OTG_HS_EP1_IN_IRQHandler                 0x0800024d   Thumb Code     0  startup_stm32f407xx.o(.text)
    OTG_HS_EP1_OUT_IRQHandler                0x0800024d   Thumb Code     0  startup_stm32f407xx.o(.text)
    OTG_HS_IRQHandler                        0x0800024d   Thumb Code     0  startup_stm32f407xx.o(.text)
    OTG_HS_WKUP_IRQHandler                   0x0800024d   Thumb Code     0  startup_stm32f407xx.o(.text)
    PVD_IRQHandler                           0x0800024d   Thumb Code     0  startup_stm32f407xx.o(.text)
    RCC_IRQHandler                           0x0800024d   Thumb Code     0  startup_stm32f407xx.o(.text)
    RTC_Alarm_IRQHandler                     0x0800024d   Thumb Code     0  startup_stm32f407xx.o(.text)
    RTC_WKUP_IRQHandler                      0x0800024d   Thumb Code     0  startup_stm32f407xx.o(.text)
    SDIO_IRQHandler                          0x0800024d   Thumb Code     0  startup_stm32f407xx.o(.text)
    SPI1_IRQHandler                          0x0800024d   Thumb Code     0  startup_stm32f407xx.o(.text)
    SPI2_IRQHandler                          0x0800024d   Thumb Code     0  startup_stm32f407xx.o(.text)
    SPI3_IRQHandler                          0x0800024d   Thumb Code     0  startup_stm32f407xx.o(.text)
    TAMP_STAMP_IRQHandler                    0x0800024d   Thumb Code     0  startup_stm32f407xx.o(.text)
    TIM1_BRK_TIM9_IRQHandler                 0x0800024d   Thumb Code     0  startup_stm32f407xx.o(.text)
    TIM1_CC_IRQHandler                       0x0800024d   Thumb Code     0  startup_stm32f407xx.o(.text)
    TIM1_TRG_COM_TIM11_IRQHandler            0x0800024d   Thumb Code     0  startup_stm32f407xx.o(.text)
    TIM1_UP_TIM10_IRQHandler                 0x0800024d   Thumb Code     0  startup_stm32f407xx.o(.text)
    TIM2_IRQHandler                          0x0800024d   Thumb Code     0  startup_stm32f407xx.o(.text)
    TIM3_IRQHandler                          0x0800024d   Thumb Code     0  startup_stm32f407xx.o(.text)
    TIM4_IRQHandler                          0x0800024d   Thumb Code     0  startup_stm32f407xx.o(.text)
    TIM5_IRQHandler                          0x0800024d   Thumb Code     0  startup_stm32f407xx.o(.text)
    TIM6_DAC_IRQHandler                      0x0800024d   Thumb Code     0  startup_stm32f407xx.o(.text)
    TIM7_IRQHandler                          0x0800024d   Thumb Code     0  startup_stm32f407xx.o(.text)
    TIM8_BRK_TIM12_IRQHandler                0x0800024d   Thumb Code     0  startup_stm32f407xx.o(.text)
    TIM8_CC_IRQHandler                       0x0800024d   Thumb Code     0  startup_stm32f407xx.o(.text)
    TIM8_TRG_COM_TIM14_IRQHandler            0x0800024d   Thumb Code     0  startup_stm32f407xx.o(.text)
    TIM8_UP_TIM13_IRQHandler                 0x0800024d   Thumb Code     0  startup_stm32f407xx.o(.text)
    UART4_IRQHandler                         0x0800024d   Thumb Code     0  startup_stm32f407xx.o(.text)
    UART5_IRQHandler                         0x0800024d   Thumb Code     0  startup_stm32f407xx.o(.text)
    USART2_IRQHandler                        0x0800024d   Thumb Code     0  startup_stm32f407xx.o(.text)
    USART6_IRQHandler                        0x0800024d   Thumb Code     0  startup_stm32f407xx.o(.text)
    WWDG_IRQHandler                          0x0800024d   Thumb Code     0  startup_stm32f407xx.o(.text)
    __user_initial_stackheap                 0x08000251   Thumb Code     0  startup_stm32f407xx.o(.text)
    __use_no_semihosting                     0x08000275   Thumb Code     2  use_no_semi_2.o(.text)
    __aeabi_uldivmod                         0x08000277   Thumb Code     0  lludivv7m.o(.text)
    _ll_udiv                                 0x08000277   Thumb Code   238  lludivv7m.o(.text)
    __aeabi_memclr4                          0x08000365   Thumb Code     0  rt_memclr_w.o(.text)
    __aeabi_memclr8                          0x08000365   Thumb Code     0  rt_memclr_w.o(.text)
    __rt_memclr_w                            0x08000365   Thumb Code    78  rt_memclr_w.o(.text)
    _memset_w                                0x08000369   Thumb Code     0  rt_memclr_w.o(.text)
    __use_two_region_memory                  0x080003b3   Thumb Code     2  heapauxi.o(.text)
    __rt_heap_escrow$2region                 0x080003b5   Thumb Code     2  heapauxi.o(.text)
    __rt_heap_expand$2region                 0x080003b7   Thumb Code     2  heapauxi.o(.text)
    __semihosting$guard                      0x080003b9   Thumb Code     0  use_no_semi.o(.text)
    __use_no_semihosting_swi                 0x080003b9   Thumb Code     2  use_no_semi.o(.text)
    __user_setup_stackheap                   0x080003bb   Thumb Code    74  sys_stackheap_outer.o(.text)
    exit                                     0x08000405   Thumb Code    18  exit.o(.text)
    __user_libspace                          0x08000419   Thumb Code     8  libspace.o(.text)
    __user_perproc_libspace                  0x08000419   Thumb Code     0  libspace.o(.text)
    __user_perthread_libspace                0x08000419   Thumb Code     0  libspace.o(.text)
    B_Check                                  0x08000421   Thumb Code   194  key.o(i.B_Check)
    BusFault_Handler                         0x080004f9   Thumb Code     4  stm32f4xx_it.o(i.BusFault_Handler)
    Check_Auto                               0x080004fd   Thumb Code    60  key.o(i.Check_Auto)
    DebugMon_Handler                         0x08000545   Thumb Code     2  stm32f4xx_it.o(i.DebugMon_Handler)
    EXTI1_IRQHandler                         0x08000547   Thumb Code    10  key.o(i.EXTI1_IRQHandler)
    Encoder_Init                             0x08000551   Thumb Code    98  key.o(i.Encoder_Init)
    GPIO_Init                                0x080005c1   Thumb Code   304  oled.o(i.GPIO_Init)
    G_Check                                  0x080006f9   Thumb Code   194  key.o(i.G_Check)
    Gary_Check                               0x080007d1   Thumb Code   106  key.o(i.Gary_Check)
    HAL_DMA_Abort                            0x0800084d   Thumb Code   170  stm32f4xx_hal_dma.o(i.HAL_DMA_Abort)
    HAL_DMA_Abort_IT                         0x080008f7   Thumb Code    40  stm32f4xx_hal_dma.o(i.HAL_DMA_Abort_IT)
    HAL_GPIO_EXTI_Callback                   0x08000921   Thumb Code    82  key.o(i.HAL_GPIO_EXTI_Callback)
    HAL_GPIO_EXTI_IRQHandler                 0x08000979   Thumb Code    24  stm32f4xx_hal_gpio.o(i.HAL_GPIO_EXTI_IRQHandler)
    HAL_GPIO_Init                            0x08000995   Thumb Code   470  stm32f4xx_hal_gpio.o(i.HAL_GPIO_Init)
    HAL_GPIO_ReadPin                         0x08000b99   Thumb Code    16  stm32f4xx_hal_gpio.o(i.HAL_GPIO_ReadPin)
    HAL_GPIO_WritePin                        0x08000ba9   Thumb Code    12  stm32f4xx_hal_gpio.o(i.HAL_GPIO_WritePin)
    HAL_GetREVID                             0x08000bb5   Thumb Code     8  stm32f4xx_hal.o(i.HAL_GetREVID)
    HAL_GetTick                              0x08000bc1   Thumb Code     6  stm32f4xx_hal.o(i.HAL_GetTick)
    HAL_IncTick                              0x08000bcd   Thumb Code    16  stm32f4xx_hal.o(i.HAL_IncTick)
    HAL_Init                                 0x08000be5   Thumb Code    44  stm32f4xx_hal.o(i.HAL_Init)
    HAL_InitTick                             0x08000c15   Thumb Code    64  stm32f4xx_hal.o(i.HAL_InitTick)
    HAL_MspInit                              0x08000c61   Thumb Code     2  stm32f4xx_hal.o(i.HAL_MspInit)
    HAL_NVIC_EnableIRQ                       0x08000c63   Thumb Code    32  stm32f4xx_hal_cortex.o(i.HAL_NVIC_EnableIRQ)
    HAL_NVIC_SetPriority                     0x08000c83   Thumb Code   124  stm32f4xx_hal_cortex.o(i.HAL_NVIC_SetPriority)
    HAL_NVIC_SetPriorityGrouping             0x08000d01   Thumb Code    32  stm32f4xx_hal_cortex.o(i.HAL_NVIC_SetPriorityGrouping)
    HAL_RCC_ClockConfig                      0x08000d29   Thumb Code   368  stm32f4xx_hal_rcc.o(i.HAL_RCC_ClockConfig)
    HAL_RCC_GetHCLKFreq                      0x08000ead   Thumb Code     6  stm32f4xx_hal_rcc.o(i.HAL_RCC_GetHCLKFreq)
    HAL_RCC_GetPCLK1Freq                     0x08000eb9   Thumb Code    22  stm32f4xx_hal_rcc.o(i.HAL_RCC_GetPCLK1Freq)
    HAL_RCC_GetPCLK2Freq                     0x08000ed9   Thumb Code    22  stm32f4xx_hal_rcc.o(i.HAL_RCC_GetPCLK2Freq)
    HAL_RCC_GetSysClockFreq                  0x08000ef9   Thumb Code   162  stm32f4xx_hal_rcc.o(i.HAL_RCC_GetSysClockFreq)
    HAL_RCC_OscConfig                        0x08000fa9   Thumb Code  1172  stm32f4xx_hal_rcc.o(i.HAL_RCC_OscConfig)
    HAL_SYSTICK_Config                       0x08001445   Thumb Code    52  stm32f4xx_hal_cortex.o(i.HAL_SYSTICK_Config)
    HAL_UARTEx_RxEventCallback               0x08001479   Thumb Code     2  stm32f4xx_hal_uart.o(i.HAL_UARTEx_RxEventCallback)
    HAL_UART_ErrorCallback                   0x0800147b   Thumb Code     2  stm32f4xx_hal_uart.o(i.HAL_UART_ErrorCallback)
    HAL_UART_IRQHandler                      0x0800147d   Thumb Code   586  stm32f4xx_hal_uart.o(i.HAL_UART_IRQHandler)
    HAL_UART_Init                            0x080016cd   Thumb Code   114  stm32f4xx_hal_uart.o(i.HAL_UART_Init)
    HAL_UART_MspInit                         0x08001741   Thumb Code   334  usart.o(i.HAL_UART_MspInit)
    HAL_UART_Receive_IT                      0x080018a5   Thumb Code    66  stm32f4xx_hal_uart.o(i.HAL_UART_Receive_IT)
    HAL_UART_RxCpltCallback                  0x080018e9   Thumb Code   186  usart.o(i.HAL_UART_RxCpltCallback)
    HAL_UART_TxCpltCallback                  0x080019bd   Thumb Code     2  stm32f4xx_hal_uart.o(i.HAL_UART_TxCpltCallback)
    HardFault_Handler                        0x080019bf   Thumb Code     4  stm32f4xx_it.o(i.HardFault_Handler)
    IIC_Start                                0x080019c3   Thumb Code    40  oled.o(i.IIC_Start)
    IIC_Stop                                 0x080019eb   Thumb Code    26  oled.o(i.IIC_Stop)
    IIC_delay                                0x08001a05   Thumb Code    16  oled.o(i.IIC_delay)
    MemManage_Handler                        0x08001a15   Thumb Code     4  stm32f4xx_it.o(i.MemManage_Handler)
    NACK                                     0x08001a19   Thumb Code    34  oled.o(i.NACK)
    NMI_Handler                              0x08001a3b   Thumb Code     2  stm32f4xx_it.o(i.NMI_Handler)
    OLED_Pow                                 0x08001a3d   Thumb Code    22  oled.o(i.OLED_Pow)
    OLED_ShowChar                            0x08001a55   Thumb Code   300  oled.o(i.OLED_ShowChar)
    OLED_ShowNum                             0x08001b91   Thumb Code   140  oled.o(i.OLED_ShowNum)
    OLED_ShowString                          0x08001c1d   Thumb Code    74  oled.o(i.OLED_ShowString)
    PCA9685_1_ACK                            0x08001c67   Thumb Code    36  pca9685.o(i.PCA9685_1_ACK)
    PCA9685_1_NACK                           0x08001c8b   Thumb Code    34  pca9685.o(i.PCA9685_1_NACK)
    PCA9685_1_Read                           0x08001cad   Thumb Code    68  pca9685.o(i.PCA9685_1_Read)
    PCA9685_1_SCL                            0x08001cf1   Thumb Code    30  pca9685.o(i.PCA9685_1_SCL)
    PCA9685_1_SDA                            0x08001d15   Thumb Code    30  pca9685.o(i.PCA9685_1_SDA)
    PCA9685_1_Start                          0x08001d39   Thumb Code    40  pca9685.o(i.PCA9685_1_Start)
    PCA9685_1_Stop                           0x08001d61   Thumb Code    26  pca9685.o(i.PCA9685_1_Stop)
    PCA9685_1_Wait_ACK                       0x08001d7d   Thumb Code    66  pca9685.o(i.PCA9685_1_Wait_ACK)
    PCA9685_1_Write                          0x08001dc5   Thumb Code    46  pca9685.o(i.PCA9685_1_Write)
    PCA9685_1_read_byte                      0x08001df5   Thumb Code    76  pca9685.o(i.PCA9685_1_read_byte)
    PCA9685_1_sent_byte                      0x08001e45   Thumb Code    62  pca9685.o(i.PCA9685_1_sent_byte)
    PCA9685_1_setFreq                        0x08001e85   Thumb Code   202  pca9685.o(i.PCA9685_1_setFreq)
    PCA9685_1_setPWM                         0x08001f71   Thumb Code    86  pca9685.o(i.PCA9685_1_setPWM)
    PCA9685_2_ACK                            0x08001fc7   Thumb Code    36  pca9685.o(i.PCA9685_2_ACK)
    PCA9685_2_NACK                           0x08001feb   Thumb Code    34  pca9685.o(i.PCA9685_2_NACK)
    PCA9685_2_Read                           0x0800200d   Thumb Code    68  pca9685.o(i.PCA9685_2_Read)
    PCA9685_2_SCL                            0x08002051   Thumb Code    30  pca9685.o(i.PCA9685_2_SCL)
    PCA9685_2_SDA                            0x08002075   Thumb Code    32  pca9685.o(i.PCA9685_2_SDA)
    PCA9685_2_Start                          0x08002099   Thumb Code    40  pca9685.o(i.PCA9685_2_Start)
    PCA9685_2_Stop                           0x080020c1   Thumb Code    26  pca9685.o(i.PCA9685_2_Stop)
    PCA9685_2_Wait_ACK                       0x080020dd   Thumb Code    68  pca9685.o(i.PCA9685_2_Wait_ACK)
    PCA9685_2_Write                          0x08002125   Thumb Code    46  pca9685.o(i.PCA9685_2_Write)
    PCA9685_2_read_byte                      0x08002155   Thumb Code    78  pca9685.o(i.PCA9685_2_read_byte)
    PCA9685_2_sent_byte                      0x080021a9   Thumb Code    62  pca9685.o(i.PCA9685_2_sent_byte)
    PCA9685_2_setFreq                        0x080021e9   Thumb Code   238  pca9685.o(i.PCA9685_2_setFreq)
    PCA9685_2_setPWM                         0x08002301   Thumb Code    86  pca9685.o(i.PCA9685_2_setPWM)
    PCA9685_IIC_Init                         0x08002359   Thumb Code   102  pca9685.o(i.PCA9685_IIC_Init)
    PCA9685_Init                             0x080023c9   Thumb Code   382  pca9685.o(i.PCA9685_Init)
    PCA9685_delay                            0x08002547   Thumb Code    16  pca9685.o(i.PCA9685_delay)
    PendSV_Handler                           0x08002557   Thumb Code     2  stm32f4xx_it.o(i.PendSV_Handler)
    R_Check                                  0x08002559   Thumb Code   194  key.o(i.R_Check)
    SCL                                      0x08002631   Thumb Code    30  oled.o(i.SCL)
    SDA                                      0x08002655   Thumb Code    30  oled.o(i.SDA)
    SET_PWM                                  0x08002679   Thumb Code    40  pca9685.o(i.SET_PWM)
    SVC_Handler                              0x080026a1   Thumb Code     2  stm32f4xx_it.o(i.SVC_Handler)
    Site_Check                               0x080026a5   Thumb Code   148  key.o(i.Site_Check)
    Switch_Check                             0x08002749   Thumb Code   106  key.o(i.Switch_Check)
    SysTick_Handler                          0x080027c5   Thumb Code     8  stm32f4xx_it.o(i.SysTick_Handler)
    SystemInit                               0x080027cd   Thumb Code    14  system_stm32f4xx.o(i.SystemInit)
    UART_Start_Receive_IT                    0x08002b35   Thumb Code    70  stm32f4xx_hal_uart.o(i.UART_Start_Receive_IT)
    USART1_IRQHandler                        0x08002bdd   Thumb Code    10  usart.o(i.USART1_IRQHandler)
    USART3_IRQHandler                        0x08002bed   Thumb Code    10  usart.o(i.USART3_IRQHandler)
    UsageFault_Handler                       0x08002bfd   Thumb Code     4  stm32f4xx_it.o(i.UsageFault_Handler)
    Usart4_Init                              0x08002c01   Thumb Code    44  usart.o(i.Usart4_Init)
    __hardfp_floor                           0x08002c71   Thumb Code   252  floor.o(i.__hardfp_floor)
    _sys_exit                                0x08002d89   Thumb Code     4  usart.o(i._sys_exit)
    delay_init                               0x08002d8d   Thumb Code     6  delay.o(i.delay_init)
    delay_ms                                 0x08002d99   Thumb Code    18  delay.o(i.delay_ms)
    delay_us                                 0x08002dad   Thumb Code    68  delay.o(i.delay_us)
    key_init                                 0x08002df5   Thumb Code    68  key.o(i.key_init)
    key_scan                                 0x08002e41   Thumb Code    76  key.o(i.key_scan)
    led_init                                 0x08002e95   Thumb Code   142  led.o(i.led_init)
    main                                     0x08002f2d   Thumb Code    72  main.o(i.main)
    menu1                                    0x08002f79   Thumb Code  2384  menu.o(i.menu1)
    oled_clear                               0x080038fd   Thumb Code    42  oled.o(i.oled_clear)
    oled_drawpoint                           0x0800392d   Thumb Code   114  oled.o(i.oled_drawpoint)
    oled_refresh                             0x080039a5   Thumb Code   100  oled.o(i.oled_refresh)
    oled_write                               0x08003a0d   Thumb Code    56  oled.o(i.oled_write)
    safe_site                                0x08003a45   Thumb Code    22  menu.o(i.safe_site)
    sent_byte                                0x08003a61   Thumb Code    62  oled.o(i.sent_byte)
    set_max_t_pwm                            0x08003a9f   Thumb Code  1034  menu.o(i.set_max_t_pwm)
    sys_stm32_clock_init                     0x08003ea9   Thumb Code   208  sys.o(i.sys_stm32_clock_init)
    usart_init                               0x08003f85   Thumb Code    44  usart.o(i.usart_init)
    __aeabi_d2f                              0x08003fbd   Thumb Code     0  d2f.o(x$fpl$d2f)
    _d2f                                     0x08003fbd   Thumb Code    98  d2f.o(x$fpl$d2f)
    __aeabi_dadd                             0x08004021   Thumb Code     0  daddsub_clz.o(x$fpl$dadd)
    _dadd                                    0x08004021   Thumb Code   332  daddsub_clz.o(x$fpl$dadd)
    __fpl_dcmp_Inf                           0x08004171   Thumb Code    24  dcmpi.o(x$fpl$dcmpinf)
    __aeabi_ddiv                             0x08004189   Thumb Code     0  ddiv.o(x$fpl$ddiv)
    _ddiv                                    0x08004189   Thumb Code   552  ddiv.o(x$fpl$ddiv)
    __aeabi_d2uiz                            0x08004439   Thumb Code     0  dfixu.o(x$fpl$dfixu)
    _dfixu                                   0x08004439   Thumb Code    90  dfixu.o(x$fpl$dfixu)
    __aeabi_i2d                              0x08004493   Thumb Code     0  dflt_clz.o(x$fpl$dflt)
    _dflt                                    0x08004493   Thumb Code    46  dflt_clz.o(x$fpl$dflt)
    __aeabi_cdcmple                          0x080044c1   Thumb Code     0  dleqf.o(x$fpl$dleqf)
    _dcmple                                  0x080044c1   Thumb Code   120  dleqf.o(x$fpl$dleqf)
    __fpl_dcmple_InfNaN                      0x08004523   Thumb Code     0  dleqf.o(x$fpl$dleqf)
    __aeabi_dmul                             0x08004539   Thumb Code     0  dmul.o(x$fpl$dmul)
    _dmul                                    0x08004539   Thumb Code   332  dmul.o(x$fpl$dmul)
    __fpl_dnaninf                            0x0800468d   Thumb Code   156  dnaninf.o(x$fpl$dnaninf)
    __fpl_dretinf                            0x08004729   Thumb Code    12  dretinf.o(x$fpl$dretinf)
    __aeabi_cdrcmple                         0x08004735   Thumb Code     0  drleqf.o(x$fpl$drleqf)
    _drcmple                                 0x08004735   Thumb Code   108  drleqf.o(x$fpl$drleqf)
    __aeabi_drsub                            0x080047a1   Thumb Code     0  daddsub_clz.o(x$fpl$drsb)
    _drsb                                    0x080047a1   Thumb Code    22  daddsub_clz.o(x$fpl$drsb)
    __aeabi_dsub                             0x080047b9   Thumb Code     0  daddsub_clz.o(x$fpl$dsub)
    _dsub                                    0x080047b9   Thumb Code   464  daddsub_clz.o(x$fpl$dsub)
    __aeabi_f2d                              0x0800498d   Thumb Code     0  f2d.o(x$fpl$f2d)
    _f2d                                     0x0800498d   Thumb Code    86  f2d.o(x$fpl$f2d)
    __fpl_fnaninf                            0x080049e3   Thumb Code   140  fnaninf.o(x$fpl$fnaninf)
    _fp_init                                 0x08004a6f   Thumb Code    10  fpinit.o(x$fpl$fpinit)
    __fplib_config_fpu_vfp                   0x08004a77   Thumb Code     0  fpinit.o(x$fpl$fpinit)
    __fplib_config_pureend_doubles           0x08004a77   Thumb Code     0  fpinit.o(x$fpl$fpinit)
    __fpl_fretinf                            0x08004a79   Thumb Code    10  fretinf.o(x$fpl$fretinf)
    AHBPrescTable                            0x08004a82   Data          16  system_stm32f4xx.o(.constdata)
    __I$use$fp                               0x08004a82   Number         0  usenofp.o(x$fpl$usenofp)
    APBPrescTable                            0x08004a92   Data           8  system_stm32f4xx.o(.constdata)
    asc2_0806                                0x08004a9a   Data         552  oled.o(.constdata)
    asc2_1206                                0x08004cc2   Data        1140  oled.o(.constdata)
    asc2_1608                                0x08005136   Data        1520  oled.o(.constdata)
    asc2_2412                                0x08005726   Data        3420  oled.o(.constdata)
    Hzk1                                     0x08006482   Data         256  oled.o(.constdata)
    Hzk2                                     0x08006582   Data          72  oled.o(.constdata)
    Hzk3                                     0x080065ca   Data         128  oled.o(.constdata)
    Hzk4                                     0x0800664a   Data         512  oled.o(.constdata)
    Region$$Table$$Base                      0x0800684c   Number         0  anon$$obj.o(Region$$Table)
    Region$$Table$$Limit                     0x0800686c   Number         0  anon$$obj.o(Region$$Table)
    SystemCoreClock                          0x20000000   Data           4  system_stm32f4xx.o(.data)
    __stdout                                 0x20000008   Data           4  usart.o(.data)
    g_usart_rx_sta                           0x2000000c   Data           2  usart.o(.data)
    Light_Buffer                             0x2000000e   Data           4  usart.o(.data)
    g_rx_buffer                              0x20000012   Data           1  usart.o(.data)
    USART3_Flag                              0x20000013   Data           1  usart.o(.data)
    USART3_Count                             0x20000014   Data           1  usart.o(.data)
    USART3_Finsh_Time                        0x20000015   Data           1  usart.o(.data)
    uwTick                                   0x20000018   Data           4  stm32f4xx_hal.o(.data)
    uwTickPrio                               0x2000001c   Data           4  stm32f4xx_hal.o(.data)
    uwTickFreq                               0x20000020   Data           1  stm32f4xx_hal.o(.data)
    Encoder_Site                             0x20000021   Data           1  key.o(.data)
    Encoder_Count                            0x20000022   Data           1  key.o(.data)
    inNum                                    0x20000023   Data           1  key.o(.data)
    flag                                     0x20000024   Data           1  key.o(.data)
    RGB_R                                    0x20000028   Data           4  menu.o(.data)
    RGB_G                                    0x2000002c   Data           4  menu.o(.data)
    RGB_B                                    0x20000030   Data           4  menu.o(.data)
    Menu_State                               0x20000034   Data           1  menu.o(.data)
    Light_Switch                             0x20000035   Data           1  menu.o(.data)
    Temp_Menu_State                          0x20000036   Data           1  menu.o(.data)
    Auto_Light_Switch                        0x20000037   Data           1  menu.o(.data)
    Gery_change                              0x20000038   Data           1  menu.o(.data)
    g_usart_rx_buf                           0x2000003c   Data         200  usart.o(.bss)
    Useful_Light                             0x20000104   Data          11  usart.o(.bss)
    g_uart1_handle                           0x20000110   Data          68  usart.o(.bss)
    g_uart3_handle                           0x20000154   Data          68  usart.o(.bss)
    Encoder_R_Count                          0x20000198   Data           9  key.o(.bss)
    Encoder_G_Count                          0x200001a1   Data           9  key.o(.bss)
    Encoder_B_Count                          0x200001aa   Data           9  key.o(.bss)
    oled_gram                                0x200001b3   Data        1024  oled.o(.bss)
    __libspace_start                         0x200005b4   Data          96  libspace.o(.bss)
    __temporary_stack_top$libspace           0x20000614   Data           0  libspace.o(.bss)



==============================================================================

Memory Map of the image

  Image Entry point : 0x08000189

  Load Region LR_IROM1 (Base: 0x08000000, Size: 0x000068a8, Max: 0x00100000, ABSOLUTE)

    Execution Region ER_IROM1 (Exec base: 0x08000000, Load base: 0x08000000, Size: 0x0000686c, Max: 0x00100000, ABSOLUTE)

    Exec Addr    Load Addr    Size         Type   Attr      Idx    E Section Name        Object

    0x08000000   0x08000000   0x00000188   Data   RO            3    RESET               startup_stm32f407xx.o
    0x08000188   0x08000188   0x00000008   Code   RO         3726  * !!!main             c_w.l(__main.o)
    0x08000190   0x08000190   0x00000034   Code   RO         3935    !!!scatter          c_w.l(__scatter.o)
    0x080001c4   0x080001c4   0x0000001a   Code   RO         3937    !!handler_copy      c_w.l(__scatter_copy.o)
    0x080001de   0x080001de   0x00000002   PAD
    0x080001e0   0x080001e0   0x0000001c   Code   RO         3939    !!handler_zi        c_w.l(__scatter_zi.o)
    0x080001fc   0x080001fc   0x00000002   Code   RO         3810    .ARM.Collect$$libinit$$00000000  c_w.l(libinit.o)
    0x080001fe   0x080001fe   0x00000004   Code   RO         3824    .ARM.Collect$$libinit$$00000001  c_w.l(libinit2.o)
    0x08000202   0x08000202   0x00000000   Code   RO         3827    .ARM.Collect$$libinit$$00000004  c_w.l(libinit2.o)
    0x08000202   0x08000202   0x00000000   Code   RO         3830    .ARM.Collect$$libinit$$0000000A  c_w.l(libinit2.o)
    0x08000202   0x08000202   0x00000000   Code   RO         3832    .ARM.Collect$$libinit$$0000000C  c_w.l(libinit2.o)
    0x08000202   0x08000202   0x00000000   Code   RO         3834    .ARM.Collect$$libinit$$0000000E  c_w.l(libinit2.o)
    0x08000202   0x08000202   0x00000000   Code   RO         3837    .ARM.Collect$$libinit$$00000011  c_w.l(libinit2.o)
    0x08000202   0x08000202   0x00000000   Code   RO         3839    .ARM.Collect$$libinit$$00000013  c_w.l(libinit2.o)
    0x08000202   0x08000202   0x00000000   Code   RO         3841    .ARM.Collect$$libinit$$00000015  c_w.l(libinit2.o)
    0x08000202   0x08000202   0x00000000   Code   RO         3843    .ARM.Collect$$libinit$$00000017  c_w.l(libinit2.o)
    0x08000202   0x08000202   0x00000000   Code   RO         3845    .ARM.Collect$$libinit$$00000019  c_w.l(libinit2.o)
    0x08000202   0x08000202   0x00000000   Code   RO         3847    .ARM.Collect$$libinit$$0000001B  c_w.l(libinit2.o)
    0x08000202   0x08000202   0x00000000   Code   RO         3849    .ARM.Collect$$libinit$$0000001D  c_w.l(libinit2.o)
    0x08000202   0x08000202   0x00000000   Code   RO         3851    .ARM.Collect$$libinit$$0000001F  c_w.l(libinit2.o)
    0x08000202   0x08000202   0x00000000   Code   RO         3853    .ARM.Collect$$libinit$$00000021  c_w.l(libinit2.o)
    0x08000202   0x08000202   0x00000000   Code   RO         3855    .ARM.Collect$$libinit$$00000023  c_w.l(libinit2.o)
    0x08000202   0x08000202   0x00000000   Code   RO         3857    .ARM.Collect$$libinit$$00000025  c_w.l(libinit2.o)
    0x08000202   0x08000202   0x00000000   Code   RO         3861    .ARM.Collect$$libinit$$0000002C  c_w.l(libinit2.o)
    0x08000202   0x08000202   0x00000000   Code   RO         3863    .ARM.Collect$$libinit$$0000002E  c_w.l(libinit2.o)
    0x08000202   0x08000202   0x00000000   Code   RO         3865    .ARM.Collect$$libinit$$00000030  c_w.l(libinit2.o)
    0x08000202   0x08000202   0x00000000   Code   RO         3867    .ARM.Collect$$libinit$$00000032  c_w.l(libinit2.o)
    0x08000202   0x08000202   0x00000002   Code   RO         3868    .ARM.Collect$$libinit$$00000033  c_w.l(libinit2.o)
    0x08000204   0x08000204   0x00000002   Code   RO         3892    .ARM.Collect$$libshutdown$$00000000  c_w.l(libshutdown.o)
    0x08000206   0x08000206   0x00000000   Code   RO         3916    .ARM.Collect$$libshutdown$$00000002  c_w.l(libshutdown2.o)
    0x08000206   0x08000206   0x00000000   Code   RO         3918    .ARM.Collect$$libshutdown$$00000004  c_w.l(libshutdown2.o)
    0x08000206   0x08000206   0x00000000   Code   RO         3920    .ARM.Collect$$libshutdown$$00000006  c_w.l(libshutdown2.o)
    0x08000206   0x08000206   0x00000000   Code   RO         3923    .ARM.Collect$$libshutdown$$00000009  c_w.l(libshutdown2.o)
    0x08000206   0x08000206   0x00000000   Code   RO         3926    .ARM.Collect$$libshutdown$$0000000C  c_w.l(libshutdown2.o)
    0x08000206   0x08000206   0x00000000   Code   RO         3928    .ARM.Collect$$libshutdown$$0000000E  c_w.l(libshutdown2.o)
    0x08000206   0x08000206   0x00000000   Code   RO         3931    .ARM.Collect$$libshutdown$$00000011  c_w.l(libshutdown2.o)
    0x08000206   0x08000206   0x00000002   Code   RO         3932    .ARM.Collect$$libshutdown$$00000012  c_w.l(libshutdown2.o)
    0x08000208   0x08000208   0x00000000   Code   RO         3762    .ARM.Collect$$rtentry$$00000000  c_w.l(__rtentry.o)
    0x08000208   0x08000208   0x00000000   Code   RO         3779    .ARM.Collect$$rtentry$$00000002  c_w.l(__rtentry2.o)
    0x08000208   0x08000208   0x00000006   Code   RO         3791    .ARM.Collect$$rtentry$$00000004  c_w.l(__rtentry4.o)
    0x0800020e   0x0800020e   0x00000000   Code   RO         3781    .ARM.Collect$$rtentry$$00000009  c_w.l(__rtentry2.o)
    0x0800020e   0x0800020e   0x00000004   Code   RO         3782    .ARM.Collect$$rtentry$$0000000A  c_w.l(__rtentry2.o)
    0x08000212   0x08000212   0x00000000   Code   RO         3784    .ARM.Collect$$rtentry$$0000000C  c_w.l(__rtentry2.o)
    0x08000212   0x08000212   0x00000008   Code   RO         3785    .ARM.Collect$$rtentry$$0000000D  c_w.l(__rtentry2.o)
    0x0800021a   0x0800021a   0x00000002   Code   RO         3816    .ARM.Collect$$rtexit$$00000000  c_w.l(rtexit.o)
    0x0800021c   0x0800021c   0x00000000   Code   RO         3870    .ARM.Collect$$rtexit$$00000002  c_w.l(rtexit2.o)
    0x0800021c   0x0800021c   0x00000004   Code   RO         3871    .ARM.Collect$$rtexit$$00000003  c_w.l(rtexit2.o)
    0x08000220   0x08000220   0x00000006   Code   RO         3872    .ARM.Collect$$rtexit$$00000004  c_w.l(rtexit2.o)
    0x08000226   0x08000226   0x00000002   PAD
    0x08000228   0x08000228   0x0000004c   Code   RO            4    .text               startup_stm32f407xx.o
    0x08000274   0x08000274   0x00000002   Code   RO         3718    .text               c_w.l(use_no_semi_2.o)
    0x08000276   0x08000276   0x000000ee   Code   RO         3720    .text               c_w.l(lludivv7m.o)
    0x08000364   0x08000364   0x0000004e   Code   RO         3722    .text               c_w.l(rt_memclr_w.o)
    0x080003b2   0x080003b2   0x00000006   Code   RO         3724    .text               c_w.l(heapauxi.o)
    0x080003b8   0x080003b8   0x00000002   Code   RO         3760    .text               c_w.l(use_no_semi.o)
    0x080003ba   0x080003ba   0x0000004a   Code   RO         3797    .text               c_w.l(sys_stackheap_outer.o)
    0x08000404   0x08000404   0x00000012   Code   RO         3799    .text               c_w.l(exit.o)
    0x08000416   0x08000416   0x00000002   PAD
    0x08000418   0x08000418   0x00000008   Code   RO         3813    .text               c_w.l(libspace.o)
    0x08000420   0x08000420   0x000000d8   Code   RO         3168    i.B_Check           key.o
    0x080004f8   0x080004f8   0x00000004   Code   RO          268    i.BusFault_Handler  stm32f4xx_it.o
    0x080004fc   0x080004fc   0x00000048   Code   RO         3169    i.Check_Auto        key.o
    0x08000544   0x08000544   0x00000002   Code   RO          269    i.DebugMon_Handler  stm32f4xx_it.o
    0x08000546   0x08000546   0x0000000a   Code   RO         3170    i.EXTI1_IRQHandler  key.o
    0x08000550   0x08000550   0x00000070   Code   RO         3172    i.Encoder_Init      key.o
    0x080005c0   0x080005c0   0x00000138   Code   RO         3318    i.GPIO_Init         oled.o
    0x080006f8   0x080006f8   0x000000d8   Code   RO         3173    i.G_Check           key.o
    0x080007d0   0x080007d0   0x0000007c   Code   RO         3174    i.Gary_Check        key.o
    0x0800084c   0x0800084c   0x000000aa   Code   RO          915    i.HAL_DMA_Abort     stm32f4xx_hal_dma.o
    0x080008f6   0x080008f6   0x00000028   Code   RO          916    i.HAL_DMA_Abort_IT  stm32f4xx_hal_dma.o
    0x0800091e   0x0800091e   0x00000002   PAD
    0x08000920   0x08000920   0x00000058   Code   RO         3175    i.HAL_GPIO_EXTI_Callback  key.o
    0x08000978   0x08000978   0x0000001c   Code   RO         1020    i.HAL_GPIO_EXTI_IRQHandler  stm32f4xx_hal_gpio.o
    0x08000994   0x08000994   0x00000204   Code   RO         1021    i.HAL_GPIO_Init     stm32f4xx_hal_gpio.o
    0x08000b98   0x08000b98   0x00000010   Code   RO         1023    i.HAL_GPIO_ReadPin  stm32f4xx_hal_gpio.o
    0x08000ba8   0x08000ba8   0x0000000c   Code   RO         1025    i.HAL_GPIO_WritePin  stm32f4xx_hal_gpio.o
    0x08000bb4   0x08000bb4   0x0000000c   Code   RO          598    i.HAL_GetREVID      stm32f4xx_hal.o
    0x08000bc0   0x08000bc0   0x0000000c   Code   RO          599    i.HAL_GetTick       stm32f4xx_hal.o
    0x08000bcc   0x08000bcc   0x00000018   Code   RO          605    i.HAL_IncTick       stm32f4xx_hal.o
    0x08000be4   0x08000be4   0x00000030   Code   RO          606    i.HAL_Init          stm32f4xx_hal.o
    0x08000c14   0x08000c14   0x0000004c   Code   RO          607    i.HAL_InitTick      stm32f4xx_hal.o
    0x08000c60   0x08000c60   0x00000002   Code   RO          609    i.HAL_MspInit       stm32f4xx_hal.o
    0x08000c62   0x08000c62   0x00000020   Code   RO          777    i.HAL_NVIC_EnableIRQ  stm32f4xx_hal_cortex.o
    0x08000c82   0x08000c82   0x0000007c   Code   RO          783    i.HAL_NVIC_SetPriority  stm32f4xx_hal_cortex.o
    0x08000cfe   0x08000cfe   0x00000002   PAD
    0x08000d00   0x08000d00   0x00000028   Code   RO          784    i.HAL_NVIC_SetPriorityGrouping  stm32f4xx_hal_cortex.o
    0x08000d28   0x08000d28   0x00000184   Code   RO         1085    i.HAL_RCC_ClockConfig  stm32f4xx_hal_rcc.o
    0x08000eac   0x08000eac   0x0000000c   Code   RO         1090    i.HAL_RCC_GetHCLKFreq  stm32f4xx_hal_rcc.o
    0x08000eb8   0x08000eb8   0x00000020   Code   RO         1092    i.HAL_RCC_GetPCLK1Freq  stm32f4xx_hal_rcc.o
    0x08000ed8   0x08000ed8   0x00000020   Code   RO         1093    i.HAL_RCC_GetPCLK2Freq  stm32f4xx_hal_rcc.o
    0x08000ef8   0x08000ef8   0x000000b0   Code   RO         1094    i.HAL_RCC_GetSysClockFreq  stm32f4xx_hal_rcc.o
    0x08000fa8   0x08000fa8   0x0000049c   Code   RO         1097    i.HAL_RCC_OscConfig  stm32f4xx_hal_rcc.o
    0x08001444   0x08001444   0x00000034   Code   RO          788    i.HAL_SYSTICK_Config  stm32f4xx_hal_cortex.o
    0x08001478   0x08001478   0x00000002   Code   RO         1691    i.HAL_UARTEx_RxEventCallback  stm32f4xx_hal_uart.o
    0x0800147a   0x0800147a   0x00000002   Code   RO         1705    i.HAL_UART_ErrorCallback  stm32f4xx_hal_uart.o
    0x0800147c   0x0800147c   0x00000250   Code   RO         1708    i.HAL_UART_IRQHandler  stm32f4xx_hal_uart.o
    0x080016cc   0x080016cc   0x00000072   Code   RO         1709    i.HAL_UART_Init     stm32f4xx_hal_uart.o
    0x0800173e   0x0800173e   0x00000002   PAD
    0x08001740   0x08001740   0x00000164   Code   RO          497    i.HAL_UART_MspInit  usart.o
    0x080018a4   0x080018a4   0x00000042   Code   RO         1714    i.HAL_UART_Receive_IT  stm32f4xx_hal_uart.o
    0x080018e6   0x080018e6   0x00000002   PAD
    0x080018e8   0x080018e8   0x000000d4   Code   RO          498    i.HAL_UART_RxCpltCallback  usart.o
    0x080019bc   0x080019bc   0x00000002   Code   RO         1720    i.HAL_UART_TxCpltCallback  stm32f4xx_hal_uart.o
    0x080019be   0x080019be   0x00000004   Code   RO          270    i.HardFault_Handler  stm32f4xx_it.o
    0x080019c2   0x080019c2   0x00000028   Code   RO         3319    i.IIC_Start         oled.o
    0x080019ea   0x080019ea   0x0000001a   Code   RO         3320    i.IIC_Stop          oled.o
    0x08001a04   0x08001a04   0x00000010   Code   RO         3321    i.IIC_delay         oled.o
    0x08001a14   0x08001a14   0x00000004   Code   RO          271    i.MemManage_Handler  stm32f4xx_it.o
    0x08001a18   0x08001a18   0x00000022   Code   RO         3322    i.NACK              oled.o
    0x08001a3a   0x08001a3a   0x00000002   Code   RO          272    i.NMI_Handler       stm32f4xx_it.o
    0x08001a3c   0x08001a3c   0x00000016   Code   RO         3324    i.OLED_Pow          oled.o
    0x08001a52   0x08001a52   0x00000002   PAD
    0x08001a54   0x08001a54   0x0000013c   Code   RO         3325    i.OLED_ShowChar     oled.o
    0x08001b90   0x08001b90   0x0000008c   Code   RO         3327    i.OLED_ShowNum      oled.o
    0x08001c1c   0x08001c1c   0x0000004a   Code   RO         3329    i.OLED_ShowString   oled.o
    0x08001c66   0x08001c66   0x00000024   Code   RO         3517    i.PCA9685_1_ACK     pca9685.o
    0x08001c8a   0x08001c8a   0x00000022   Code   RO         3518    i.PCA9685_1_NACK    pca9685.o
    0x08001cac   0x08001cac   0x00000044   Code   RO         3519    i.PCA9685_1_Read    pca9685.o
    0x08001cf0   0x08001cf0   0x00000024   Code   RO         3520    i.PCA9685_1_SCL     pca9685.o
    0x08001d14   0x08001d14   0x00000024   Code   RO         3521    i.PCA9685_1_SDA     pca9685.o
    0x08001d38   0x08001d38   0x00000028   Code   RO         3522    i.PCA9685_1_Start   pca9685.o
    0x08001d60   0x08001d60   0x0000001a   Code   RO         3523    i.PCA9685_1_Stop    pca9685.o
    0x08001d7a   0x08001d7a   0x00000002   PAD
    0x08001d7c   0x08001d7c   0x00000048   Code   RO         3524    i.PCA9685_1_Wait_ACK  pca9685.o
    0x08001dc4   0x08001dc4   0x0000002e   Code   RO         3525    i.PCA9685_1_Write   pca9685.o
    0x08001df2   0x08001df2   0x00000002   PAD
    0x08001df4   0x08001df4   0x00000050   Code   RO         3526    i.PCA9685_1_read_byte  pca9685.o
    0x08001e44   0x08001e44   0x0000003e   Code   RO         3527    i.PCA9685_1_sent_byte  pca9685.o
    0x08001e82   0x08001e82   0x00000002   PAD
    0x08001e84   0x08001e84   0x000000ec   Code   RO         3528    i.PCA9685_1_setFreq  pca9685.o
    0x08001f70   0x08001f70   0x00000056   Code   RO         3529    i.PCA9685_1_setPWM  pca9685.o
    0x08001fc6   0x08001fc6   0x00000024   Code   RO         3530    i.PCA9685_2_ACK     pca9685.o
    0x08001fea   0x08001fea   0x00000022   Code   RO         3531    i.PCA9685_2_NACK    pca9685.o
    0x0800200c   0x0800200c   0x00000044   Code   RO         3532    i.PCA9685_2_Read    pca9685.o
    0x08002050   0x08002050   0x00000024   Code   RO         3533    i.PCA9685_2_SCL     pca9685.o
    0x08002074   0x08002074   0x00000024   Code   RO         3534    i.PCA9685_2_SDA     pca9685.o
    0x08002098   0x08002098   0x00000028   Code   RO         3535    i.PCA9685_2_Start   pca9685.o
    0x080020c0   0x080020c0   0x0000001a   Code   RO         3536    i.PCA9685_2_Stop    pca9685.o
    0x080020da   0x080020da   0x00000002   PAD
    0x080020dc   0x080020dc   0x00000048   Code   RO         3537    i.PCA9685_2_Wait_ACK  pca9685.o
    0x08002124   0x08002124   0x0000002e   Code   RO         3538    i.PCA9685_2_Write   pca9685.o
    0x08002152   0x08002152   0x00000002   PAD
    0x08002154   0x08002154   0x00000054   Code   RO         3539    i.PCA9685_2_read_byte  pca9685.o
    0x080021a8   0x080021a8   0x0000003e   Code   RO         3540    i.PCA9685_2_sent_byte  pca9685.o
    0x080021e6   0x080021e6   0x00000002   PAD
    0x080021e8   0x080021e8   0x00000118   Code   RO         3541    i.PCA9685_2_setFreq  pca9685.o
    0x08002300   0x08002300   0x00000056   Code   RO         3542    i.PCA9685_2_setPWM  pca9685.o
    0x08002356   0x08002356   0x00000002   PAD
    0x08002358   0x08002358   0x00000070   Code   RO         3543    i.PCA9685_IIC_Init  pca9685.o
    0x080023c8   0x080023c8   0x0000017e   Code   RO         3544    i.PCA9685_Init      pca9685.o
    0x08002546   0x08002546   0x00000010   Code   RO         3545    i.PCA9685_delay     pca9685.o
    0x08002556   0x08002556   0x00000002   Code   RO          273    i.PendSV_Handler    stm32f4xx_it.o
    0x08002558   0x08002558   0x000000d8   Code   RO         3176    i.R_Check           key.o
    0x08002630   0x08002630   0x00000024   Code   RO         3330    i.SCL               oled.o
    0x08002654   0x08002654   0x00000024   Code   RO         3331    i.SDA               oled.o
    0x08002678   0x08002678   0x00000028   Code   RO         3546    i.SET_PWM           pca9685.o
    0x080026a0   0x080026a0   0x00000002   Code   RO          274    i.SVC_Handler       stm32f4xx_it.o
    0x080026a2   0x080026a2   0x00000002   PAD
    0x080026a4   0x080026a4   0x000000a4   Code   RO         3177    i.Site_Check        key.o
    0x08002748   0x08002748   0x0000007c   Code   RO         3178    i.Switch_Check      key.o
    0x080027c4   0x080027c4   0x00000008   Code   RO          275    i.SysTick_Handler   stm32f4xx_it.o
    0x080027cc   0x080027cc   0x00000014   Code   RO          344    i.SystemInit        system_stm32f4xx.o
    0x080027e0   0x080027e0   0x00000014   Code   RO         1722    i.UART_DMAAbortOnError  stm32f4xx_hal_uart.o
    0x080027f4   0x080027f4   0x00000036   Code   RO         1732    i.UART_EndRxTransfer  stm32f4xx_hal_uart.o
    0x0800282a   0x0800282a   0x00000020   Code   RO         1733    i.UART_EndTransmit_IT  stm32f4xx_hal_uart.o
    0x0800284a   0x0800284a   0x000000be   Code   RO         1735    i.UART_Receive_IT   stm32f4xx_hal_uart.o
    0x08002908   0x08002908   0x0000022c   Code   RO         1736    i.UART_SetConfig    stm32f4xx_hal_uart.o
    0x08002b34   0x08002b34   0x00000046   Code   RO         1738    i.UART_Start_Receive_IT  stm32f4xx_hal_uart.o
    0x08002b7a   0x08002b7a   0x00000060   Code   RO         1739    i.UART_Transmit_IT  stm32f4xx_hal_uart.o
    0x08002bda   0x08002bda   0x00000002   PAD
    0x08002bdc   0x08002bdc   0x00000010   Code   RO          499    i.USART1_IRQHandler  usart.o
    0x08002bec   0x08002bec   0x00000010   Code   RO          500    i.USART3_IRQHandler  usart.o
    0x08002bfc   0x08002bfc   0x00000004   Code   RO          276    i.UsageFault_Handler  stm32f4xx_it.o
    0x08002c00   0x08002c00   0x00000038   Code   RO          501    i.Usart4_Init       usart.o
    0x08002c38   0x08002c38   0x00000010   Code   RO          790    i.__NVIC_GetPriorityGrouping  stm32f4xx_hal_cortex.o
    0x08002c48   0x08002c48   0x00000028   Code   RO          791    i.__NVIC_SetPriority  stm32f4xx_hal_cortex.o
    0x08002c70   0x08002c70   0x00000118   Code   RO         3754    i.__hardfp_floor    m_wm.l(floor.o)
    0x08002d88   0x08002d88   0x00000004   Code   RO          503    i._sys_exit         usart.o
    0x08002d8c   0x08002d8c   0x0000000c   Code   RO          381    i.delay_init        delay.o
    0x08002d98   0x08002d98   0x00000012   Code   RO          382    i.delay_ms          delay.o
    0x08002daa   0x08002daa   0x00000002   PAD
    0x08002dac   0x08002dac   0x00000048   Code   RO          383    i.delay_us          delay.o
    0x08002df4   0x08002df4   0x0000004c   Code   RO         3179    i.key_init          key.o
    0x08002e40   0x08002e40   0x00000054   Code   RO         3180    i.key_scan          key.o
    0x08002e94   0x08002e94   0x00000098   Code   RO         3144    i.led_init          led.o
    0x08002f2c   0x08002f2c   0x0000004c   Code   RO           13    i.main              main.o
    0x08002f78   0x08002f78   0x00000984   Code   RO         3271    i.menu1             menu.o
    0x080038fc   0x080038fc   0x00000030   Code   RO         3333    i.oled_clear        oled.o
    0x0800392c   0x0800392c   0x00000078   Code   RO         3336    i.oled_drawpoint    oled.o
    0x080039a4   0x080039a4   0x00000068   Code   RO         3337    i.oled_refresh      oled.o
    0x08003a0c   0x08003a0c   0x00000038   Code   RO         3338    i.oled_write        oled.o
    0x08003a44   0x08003a44   0x0000001c   Code   RO         3272    i.safe_site         menu.o
    0x08003a60   0x08003a60   0x0000003e   Code   RO         3340    i.sent_byte         oled.o
    0x08003a9e   0x08003a9e   0x0000040a   Code   RO         3273    i.set_max_t_pwm     menu.o
    0x08003ea8   0x08003ea8   0x000000dc   Code   RO          430    i.sys_stm32_clock_init  sys.o
    0x08003f84   0x08003f84   0x00000038   Code   RO          506    i.usart_init        usart.o
    0x08003fbc   0x08003fbc   0x00000062   Code   RO         3728    x$fpl$d2f           fz_wm.l(d2f.o)
    0x0800401e   0x0800401e   0x00000002   PAD
    0x08004020   0x08004020   0x00000150   Code   RO         3730    x$fpl$dadd          fz_wm.l(daddsub_clz.o)
    0x08004170   0x08004170   0x00000018   Code   RO         3811    x$fpl$dcmpinf       fz_wm.l(dcmpi.o)
    0x08004188   0x08004188   0x000002b0   Code   RO         3737    x$fpl$ddiv          fz_wm.l(ddiv.o)
    0x08004438   0x08004438   0x0000005a   Code   RO         3740    x$fpl$dfixu         fz_wm.l(dfixu.o)
    0x08004492   0x08004492   0x0000002e   Code   RO         3745    x$fpl$dflt          fz_wm.l(dflt_clz.o)
    0x080044c0   0x080044c0   0x00000078   Code   RO         3795    x$fpl$dleqf         fz_wm.l(dleqf.o)
    0x08004538   0x08004538   0x00000154   Code   RO         3750    x$fpl$dmul          fz_wm.l(dmul.o)
    0x0800468c   0x0800468c   0x0000009c   Code   RO         3767    x$fpl$dnaninf       fz_wm.l(dnaninf.o)
    0x08004728   0x08004728   0x0000000c   Code   RO         3769    x$fpl$dretinf       fz_wm.l(dretinf.o)
    0x08004734   0x08004734   0x0000006c   Code   RO         3771    x$fpl$drleqf        fz_wm.l(drleqf.o)
    0x080047a0   0x080047a0   0x00000016   Code   RO         3731    x$fpl$drsb          fz_wm.l(daddsub_clz.o)
    0x080047b6   0x080047b6   0x00000002   PAD
    0x080047b8   0x080047b8   0x000001d4   Code   RO         3732    x$fpl$dsub          fz_wm.l(daddsub_clz.o)
    0x0800498c   0x0800498c   0x00000056   Code   RO         3752    x$fpl$f2d           fz_wm.l(f2d.o)
    0x080049e2   0x080049e2   0x0000008c   Code   RO         3773    x$fpl$fnaninf       fz_wm.l(fnaninf.o)
    0x08004a6e   0x08004a6e   0x0000000a   Code   RO         3882    x$fpl$fpinit        fz_wm.l(fpinit.o)
    0x08004a78   0x08004a78   0x0000000a   Code   RO         3775    x$fpl$fretinf       fz_wm.l(fretinf.o)
    0x08004a82   0x08004a82   0x00000000   Code   RO         3777    x$fpl$usenofp       fz_wm.l(usenofp.o)
    0x08004a82   0x08004a82   0x00000018   Data   RO          345    .constdata          system_stm32f4xx.o
    0x08004a9a   0x08004a9a   0x00001db0   Data   RO         3342    .constdata          oled.o
    0x0800684a   0x0800684a   0x00000002   PAD
    0x0800684c   0x0800684c   0x00000020   Data   RO         3933    Region$$Table       anon$$obj.o


    Execution Region RW_IRAM1 (Exec base: 0x20000000, Load base: 0x0800686c, Size: 0x00000a18, Max: 0x00020000, ABSOLUTE)

    Exec Addr    Load Addr    Size         Type   Attr      Idx    E Section Name        Object

    0x20000000   0x0800686c   0x00000004   Data   RW          346    .data               system_stm32f4xx.o
    0x20000004   0x08006870   0x00000004   Data   RW          384    .data               delay.o
    0x20000008   0x08006874   0x0000000e   Data   RW          508    .data               usart.o
    0x20000016   0x08006882   0x00000002   PAD
    0x20000018   0x08006884   0x00000009   Data   RW          613    .data               stm32f4xx_hal.o
    0x20000021   0x0800688d   0x00000005   Data   RW         3182    .data               key.o
    0x20000026   0x08006892   0x00000002   PAD
    0x20000028   0x08006894   0x00000011   Data   RW         3274    .data               menu.o
    0x20000039   0x080068a5   0x00000003   PAD
    0x2000003c        -       0x0000015c   Zero   RW          507    .bss                usart.o
    0x20000198        -       0x0000001b   Zero   RW         3181    .bss                key.o
    0x200001b3        -       0x00000400   Zero   RW         3341    .bss                oled.o
    0x200005b3   0x080068a5   0x00000001   PAD
    0x200005b4        -       0x00000060   Zero   RW         3814    .bss                c_w.l(libspace.o)
    0x20000614   0x080068a5   0x00000004   PAD
    0x20000618        -       0x00000000   Zero   RW            2    HEAP                startup_stm32f407xx.o
    0x20000618        -       0x00000400   Zero   RW            1    STACK               startup_stm32f407xx.o


==============================================================================

Image component sizes


      Code (inc. data)   RO Data    RW Data    ZI Data      Debug   Object Name

       102         10          0          4          0       1995   delay.o
      1502        172          0          5         27       7985   key.o
       152         10          0          0          0        963   led.o
        76          4          0          0          0     655951   main.o
      3498        176          0         17          0       4498   menu.o
      1442         52       7600          0       1024      13123   oled.o
      2314        128          0          0          0      19402   pca9685.o
        76         28        392          0       1024        992   startup_stm32f407xx.o
       174         34          0          9          0       9966   stm32f4xx_hal.o
       304         22          0          0          0      34599   stm32f4xx_hal_cortex.o
       210          0          0          0          0       2015   stm32f4xx_hal_dma.o
       572         50          0          0          0       3514   stm32f4xx_hal_gpio.o
      1820         84          0          0          0       5760   stm32f4xx_hal_rcc.o
      1796         16          0          0          0      10064   stm32f4xx_hal_uart.o
        32          0          0          0          0       4322   stm32f4xx_it.o
       220         12          0          0          0       1375   sys.o
        20          6         24          4          0       1399   system_stm32f4xx.o
       716         84          0         14        348       6715   usart.o

    ----------------------------------------------------------------------
     15056        888       8050         60       2424     784638   Object Totals
         0          0         32          0          0          0   (incl. Generated)
        30          0          2          7          1          0   (incl. Padding)

    ----------------------------------------------------------------------

      Code (inc. data)   RO Data    RW Data    ZI Data      Debug   Library Member Name

         8          0          0          0          0         68   __main.o
         0          0          0          0          0          0   __rtentry.o
        12          0          0          0          0          0   __rtentry2.o
         6          0          0          0          0          0   __rtentry4.o
        52          8          0          0          0          0   __scatter.o
        26          0          0          0          0          0   __scatter_copy.o
        28          0          0          0          0          0   __scatter_zi.o
        18          0          0          0          0         80   exit.o
         6          0          0          0          0        152   heapauxi.o
         2          0          0          0          0          0   libinit.o
         6          0          0          0          0          0   libinit2.o
         2          0          0          0          0          0   libshutdown.o
         2          0          0          0          0          0   libshutdown2.o
         8          4          0          0         96         68   libspace.o
       238          0          0          0          0        100   lludivv7m.o
        78          0          0          0          0         80   rt_memclr_w.o
         2          0          0          0          0          0   rtexit.o
        10          0          0          0          0          0   rtexit2.o
        74          0          0          0          0         80   sys_stackheap_outer.o
         2          0          0          0          0         68   use_no_semi.o
         2          0          0          0          0         68   use_no_semi_2.o
        98          4          0          0          0        140   d2f.o
       826         16          0          0          0        492   daddsub_clz.o
        24          0          0          0          0        116   dcmpi.o
       688        140          0          0          0        256   ddiv.o
        90          4          0          0          0        140   dfixu.o
        46          0          0          0          0        116   dflt_clz.o
       120          4          0          0          0        140   dleqf.o
       340         12          0          0          0        152   dmul.o
       156          4          0          0          0        140   dnaninf.o
        12          0          0          0          0        116   dretinf.o
       108          0          0          0          0        128   drleqf.o
        86          4          0          0          0        132   f2d.o
       140          4          0          0          0        132   fnaninf.o
        10          0          0          0          0        116   fpinit.o
        10          0          0          0          0        116   fretinf.o
         0          0          0          0          0          0   usenofp.o
       280         28          0          0          0        156   floor.o

    ----------------------------------------------------------------------
      3626        232          0          0        100       3352   Library Totals
        10          0          0          0          4          0   (incl. Padding)

    ----------------------------------------------------------------------

      Code (inc. data)   RO Data    RW Data    ZI Data      Debug   Library Name

       582         12          0          0         96        764   c_w.l
      2754        192          0          0          0       2432   fz_wm.l
       280         28          0          0          0        156   m_wm.l

    ----------------------------------------------------------------------
      3626        232          0          0        100       3352   Library Totals

    ----------------------------------------------------------------------

==============================================================================


      Code (inc. data)   RO Data    RW Data    ZI Data      Debug   

     18682       1120       8050         60       2524     774530   Grand Totals
     18682       1120       8050         60       2524     774530   ELF Image Totals
     18682       1120       8050         60          0          0   ROM Totals

==============================================================================

    Total RO  Size (Code + RO Data)                26732 (  26.11kB)
    Total RW  Size (RW Data + ZI Data)              2584 (   2.52kB)
    Total ROM Size (Code + RO Data + RW Data)      26792 (  26.16kB)

==============================================================================

